// Vitest Snapshot v1, https://vitest.dev/guide/snapshot.html

exports[`computeBPModel — golden snapshots > minimal-bp fixture is stable 1`] = `
{
  "balanceSheet": {
    "bfr": [
      328.77,
      509.59,
      668.71,
    ],
    "cash": [
      8225.64,
      -131487.92,
      -269630.68,
    ],
    "rows": [
      {
        "label": "ACTIF",
        "type": "header",
        "values": [],
      },
      {
        "indent": 1,
        "label": "Actif immobilisé",
        "type": "header",
        "values": [],
      },
      {
        "indent": 2,
        "label": "Immobilisations nettes",
        "type": "item",
        "values": [
          4000,
          2000,
          -0,
        ],
      },
      {
        "label": "Total Actif Immobilisé",
        "type": "subtotal",
        "values": [
          4000,
          2000,
          -0,
        ],
      },
      {
        "indent": 1,
        "label": "Actif circulant",
        "type": "header",
        "values": [],
      },
      {
        "indent": 2,
        "label": "Créances clients",
        "type": "item",
        "values": [
          1808.22,
          1989.04,
          2148.16,
        ],
      },
      {
        "alertNegative": true,
        "indent": 2,
        "label": "Trésorerie",
        "type": "item",
        "values": [
          8225.64,
          -131487.92,
          -269630.68,
        ],
      },
      {
        "label": "Total Actif Circulant",
        "type": "subtotal",
        "values": [
          10033.86,
          -129498.88,
          -267482.52,
        ],
      },
      {
        "label": "TOTAL ACTIF",
        "type": "total",
        "values": [
          14033.86,
          -127498.88,
          -267482.52,
        ],
      },
      {
        "label": "PASSIF",
        "type": "header",
        "values": [],
      },
      {
        "indent": 1,
        "label": "Capitaux propres",
        "type": "header",
        "values": [],
      },
      {
        "indent": 2,
        "label": "Capital social",
        "type": "item",
        "values": [
          0,
          0,
          0,
        ],
      },
      {
        "indent": 2,
        "label": "Situation nette initiale (report à nouveau non détaillé)",
        "type": "item",
        "values": [
          50000,
          50000,
          50000,
        ],
      },
      {
        "indent": 2,
        "label": "Report à nouveau",
        "type": "item",
        "values": [
          0,
          -106054.86,
          -209158.62,
        ],
      },
      {
        "indent": 2,
        "label": "Résultat de l'exercice",
        "type": "item",
        "values": [
          -106054.86,
          -103103.77,
          -100386.08,
        ],
      },
      {
        "label": "Total Capitaux Propres",
        "type": "subtotal",
        "values": [
          -56054.86,
          -159158.62,
          -259544.71,
        ],
      },
      {
        "indent": 1,
        "label": "Dettes financières",
        "type": "header",
        "values": [],
      },
      {
        "indent": 2,
        "label": "Emprunts bancaires",
        "type": "item",
        "values": [
          81564.63,
          62378.17,
          42410.03,
        ],
      },
      {
        "label": "Total Dettes Financières",
        "type": "subtotal",
        "values": [
          81564.63,
          62378.17,
          42410.03,
        ],
      },
      {
        "indent": 1,
        "label": "Dettes d'exploitation",
        "type": "header",
        "values": [],
      },
      {
        "indent": 2,
        "label": "Dettes fournisseurs",
        "type": "item",
        "values": [
          1479.45,
          1479.45,
          1479.45,
        ],
      },
      {
        "indent": 2,
        "label": "Dettes fiscales et sociales",
        "type": "item",
        "values": [
          6960,
          6960,
          6960,
        ],
      },
      {
        "label": "Total Dettes d'Exploitation",
        "type": "subtotal",
        "values": [
          8439.45,
          8439.45,
          8439.45,
        ],
      },
      {
        "label": "TOTAL PASSIF",
        "type": "total",
        "values": [
          33949.23,
          -88341,
          -208695.23,
        ],
      },
    ],
    "totals": {
      "currentAssets": [
        10033.86,
        -129498.88,
        -267482.52,
      ],
      "equity": [
        -56054.86,
        -159158.62,
        -259544.71,
      ],
      "financialDebts": [
        81564.63,
        62378.17,
        42410.03,
      ],
      "fixedAssets": [
        4000,
        2000,
        -0,
      ],
      "operatingDebts": [
        8439.45,
        8439.45,
        8439.45,
      ],
      "totalAssets": [
        14033.86,
        -127498.88,
        -267482.52,
      ],
      "totalLiabilities": [
        33949.23,
        -88341,
        -208695.23,
      ],
    },
    "workingCapital": [
      21509.77,
      -98780.45,
      -217134.68,
    ],
    "years": [
      {
        "endDate": "2025-12-31",
        "label": "Année 1 (janv. 2025 → déc. 2025)",
      },
      {
        "endDate": "2026-12-31",
        "label": "Année 2 (janv. 2026 → déc. 2026)",
      },
      {
        "endDate": "2027-12-31",
        "label": "Année 3 (janv. 2027 → déc. 2027)",
      },
    ],
  },
  "cashFlow": {
    "balance": [
      137741.68,
      125967.5,
      114193.31,
      102419.12,
      90644.94,
      78870.75,
      67096.57,
      55322.38,
      43548.2,
      31774.01,
      19999.83,
      8225.64,
      -3585.21,
      -15212.73,
      -26840.25,
      -38467.77,
      -50095.29,
      -61722.81,
      -73350.33,
      -84977.84,
      -96605.36,
      -108232.88,
      -119860.4,
      -131487.92,
      -143147.71,
      -154646.16,
      -166144.61,
      -177643.06,
      -189141.51,
      -200639.97,
      -212138.42,
      -223636.87,
      -235135.32,
      -246633.77,
      -258132.23,
      -269630.68,
    ],
    "finalBalance": -269630.68,
    "highestMonth": {
      "balance": 137741.68,
      "index": 0,
      "month": "2025-01-01",
    },
    "inflows": {
      "capitalContributions": [
        0,
        0,
        0,
        0,
        0,
        0,
        0,
        0,
        0,
        0,
        0,
        0,
        0,
        0,
        0,
        0,
        0,
        0,
        0,
        0,
        0,
        0,
        0,
        0,
        0,
        0,
        0,
        0,
        0,
        0,
        0,
        0,
        0,
        0,
        0,
        0,
      ],
      "currentAccountContributions": [
        0,
        0,
        0,
        0,
        0,
        0,
        0,
        0,
        0,
        0,
        0,
        0,
        0,
        0,
        0,
        0,
        0,
        0,
        0,
        0,
        0,
        0,
        0,
        0,
        0,
        0,
        0,
        0,
        0,
        0,
        0,
        0,
        0,
        0,
        0,
        0,
      ],
      "grants": [
        0,
        0,
        0,
        0,
        0,
        0,
        0,
        0,
        0,
        0,
        0,
        0,
        0,
        0,
        0,
        0,
        0,
        0,
        0,
        0,
        0,
        0,
        0,
        0,
        0,
        0,
        0,
        0,
        0,
        0,
        0,
        0,
        0,
        0,
        0,
        0,
      ],
      "loanDisbursements": [
        100000,
        0,
        0,
        0,
        0,
        0,
        0,
        0,
        0,
        0,
        0,
        0,
        0,
        0,
        0,
        0,
        0,
        0,
        0,
        0,
        0,
        0,
        0,
        0,
        0,
        0,
        0,
        0,
        0,
        0,
        0,
        0,
        0,
        0,
        0,
        0,
      ],
      "revenue": [
        0,
        1833.33,
        1833.33,
        1833.33,
        1833.33,
        1833.33,
        1833.33,
        1833.33,
        1833.33,
        1833.33,
        1833.33,
        1833.33,
        1833.33,
        2016.67,
        2016.67,
        2016.67,
        2016.67,
        2016.67,
        2016.67,
        2016.67,
        2016.67,
        2016.67,
        2016.67,
        2016.67,
        2016.67,
        2178,
        2178,
        2178,
        2178,
        2178,
        2178,
        2178,
        2178,
        2178,
        2178,
        2178,
      ],
      "total": [
        100000,
        1833.33,
        1833.33,
        1833.33,
        1833.33,
        1833.33,
        1833.33,
        1833.33,
        1833.33,
        1833.33,
        1833.33,
        1833.33,
        1833.33,
        2016.67,
        2016.67,
        2016.67,
        2016.67,
        2016.67,
        2016.67,
        2016.67,
        2016.67,
        2016.67,
        2016.67,
        2016.67,
        2016.67,
        2178,
        2178,
        2178,
        2178,
        2178,
        2178,
        2178,
        2178,
        2178,
        2178,
        2178,
      ],
    },
    "initialBalance": 50000,
    "lowestMonth": {
      "balance": -269630.68,
      "index": 35,
      "month": "2027-12-01",
    },
    "maxBalance": 137741.68,
    "minBalance": -269630.68,
    "monthlyData": [
      {
        "balance": 137741.68,
        "inflows": {
          "capitalContributions": 0,
          "currentAccountContributions": 0,
          "grants": 0,
          "loanDisbursements": 100000,
          "revenue": 0,
          "total": 100000,
        },
        "month": "2025-01-01",
        "monthLabel": "Jan 2025",
        "netFlow": 87741.68,
        "outflows": {
          "directors": 4350,
          "fixedExpenses": 0,
          "investments": 6000,
          "leasePayments": 0,
          "loanPayments": 1841.65,
          "payrollTaxes": 0,
          "personnel": 0,
          "taxPayments": 0,
          "total": 12258.32,
          "variableExpenses": 0,
          "vatPayments": 66.67,
        },
      },
      {
        "balance": 125967.5,
        "inflows": {
          "capitalContributions": 0,
          "currentAccountContributions": 0,
          "grants": 0,
          "loanDisbursements": 0,
          "revenue": 1833.33,
          "total": 1833.33,
        },
        "month": "2025-02-01",
        "monthLabel": "Feb 2025",
        "netFlow": -11774.19,
        "outflows": {
          "directors": 4350,
          "fixedExpenses": 1500,
          "investments": 0,
          "leasePayments": 0,
          "loanPayments": 1841.65,
          "payrollTaxes": 49.2,
          "personnel": 5800,
          "taxPayments": 0,
          "total": 13607.52,
          "variableExpenses": 0,
          "vatPayments": 66.67,
        },
      },
      {
        "balance": 114193.31,
        "inflows": {
          "capitalContributions": 0,
          "currentAccountContributions": 0,
          "grants": 0,
          "loanDisbursements": 0,
          "revenue": 1833.33,
          "total": 1833.33,
        },
        "month": "2025-03-01",
        "monthLabel": "Mar 2025",
        "netFlow": -11774.19,
        "outflows": {
          "directors": 4350,
          "fixedExpenses": 1500,
          "investments": 0,
          "leasePayments": 0,
          "loanPayments": 1841.65,
          "payrollTaxes": 49.2,
          "personnel": 5800,
          "taxPayments": 0,
          "total": 13607.52,
          "variableExpenses": 0,
          "vatPayments": 66.67,
        },
      },
      {
        "balance": 102419.12,
        "inflows": {
          "capitalContributions": 0,
          "currentAccountContributions": 0,
          "grants": 0,
          "loanDisbursements": 0,
          "revenue": 1833.33,
          "total": 1833.33,
        },
        "month": "2025-04-01",
        "monthLabel": "Apr 2025",
        "netFlow": -11774.19,
        "outflows": {
          "directors": 4350,
          "fixedExpenses": 1500,
          "investments": 0,
          "leasePayments": 0,
          "loanPayments": 1841.65,
          "payrollTaxes": 49.2,
          "personnel": 5800,
          "taxPayments": 0,
          "total": 13607.52,
          "variableExpenses": 0,
          "vatPayments": 66.67,
        },
      },
      {
        "balance": 90644.94,
        "inflows": {
          "capitalContributions": 0,
          "currentAccountContributions": 0,
          "grants": 0,
          "loanDisbursements": 0,
          "revenue": 1833.33,
          "total": 1833.33,
        },
        "month": "2025-05-01",
        "monthLabel": "May 2025",
        "netFlow": -11774.19,
        "outflows": {
          "directors": 4350,
          "fixedExpenses": 1500,
          "investments": 0,
          "leasePayments": 0,
          "loanPayments": 1841.65,
          "payrollTaxes": 49.2,
          "personnel": 5800,
          "taxPayments": 0,
          "total": 13607.52,
          "variableExpenses": 0,
          "vatPayments": 66.67,
        },
      },
      {
        "balance": 78870.75,
        "inflows": {
          "capitalContributions": 0,
          "currentAccountContributions": 0,
          "grants": 0,
          "loanDisbursements": 0,
          "revenue": 1833.33,
          "total": 1833.33,
        },
        "month": "2025-06-01",
        "monthLabel": "Jun 2025",
        "netFlow": -11774.19,
        "outflows": {
          "directors": 4350,
          "fixedExpenses": 1500,
          "investments": 0,
          "leasePayments": 0,
          "loanPayments": 1841.65,
          "payrollTaxes": 49.2,
          "personnel": 5800,
          "taxPayments": 0,
          "total": 13607.52,
          "variableExpenses": 0,
          "vatPayments": 66.67,
        },
      },
      {
        "balance": 67096.57,
        "inflows": {
          "capitalContributions": 0,
          "currentAccountContributions": 0,
          "grants": 0,
          "loanDisbursements": 0,
          "revenue": 1833.33,
          "total": 1833.33,
        },
        "month": "2025-07-01",
        "monthLabel": "Jul 2025",
        "netFlow": -11774.19,
        "outflows": {
          "directors": 4350,
          "fixedExpenses": 1500,
          "investments": 0,
          "leasePayments": 0,
          "loanPayments": 1841.65,
          "payrollTaxes": 49.2,
          "personnel": 5800,
          "taxPayments": 0,
          "total": 13607.52,
          "variableExpenses": 0,
          "vatPayments": 66.67,
        },
      },
      {
        "balance": 55322.38,
        "inflows": {
          "capitalContributions": 0,
          "currentAccountContributions": 0,
          "grants": 0,
          "loanDisbursements": 0,
          "revenue": 1833.33,
          "total": 1833.33,
        },
        "month": "2025-08-01",
        "monthLabel": "Aug 2025",
        "netFlow": -11774.19,
        "outflows": {
          "directors": 4350,
          "fixedExpenses": 1500,
          "investments": 0,
          "leasePayments": 0,
          "loanPayments": 1841.65,
          "payrollTaxes": 49.2,
          "personnel": 5800,
          "taxPayments": 0,
          "total": 13607.52,
          "variableExpenses": 0,
          "vatPayments": 66.67,
        },
      },
      {
        "balance": 43548.2,
        "inflows": {
          "capitalContributions": 0,
          "currentAccountContributions": 0,
          "grants": 0,
          "loanDisbursements": 0,
          "revenue": 1833.33,
          "total": 1833.33,
        },
        "month": "2025-09-01",
        "monthLabel": "Sep 2025",
        "netFlow": -11774.19,
        "outflows": {
          "directors": 4350,
          "fixedExpenses": 1500,
          "investments": 0,
          "leasePayments": 0,
          "loanPayments": 1841.65,
          "payrollTaxes": 49.2,
          "personnel": 5800,
          "taxPayments": 0,
          "total": 13607.52,
          "variableExpenses": 0,
          "vatPayments": 66.67,
        },
      },
      {
        "balance": 31774.01,
        "inflows": {
          "capitalContributions": 0,
          "currentAccountContributions": 0,
          "grants": 0,
          "loanDisbursements": 0,
          "revenue": 1833.33,
          "total": 1833.33,
        },
        "month": "2025-10-01",
        "monthLabel": "Oct 2025",
        "netFlow": -11774.19,
        "outflows": {
          "directors": 4350,
          "fixedExpenses": 1500,
          "investments": 0,
          "leasePayments": 0,
          "loanPayments": 1841.65,
          "payrollTaxes": 49.2,
          "personnel": 5800,
          "taxPayments": 0,
          "total": 13607.52,
          "variableExpenses": 0,
          "vatPayments": 66.67,
        },
      },
      {
        "balance": 19999.83,
        "inflows": {
          "capitalContributions": 0,
          "currentAccountContributions": 0,
          "grants": 0,
          "loanDisbursements": 0,
          "revenue": 1833.33,
          "total": 1833.33,
        },
        "month": "2025-11-01",
        "monthLabel": "Nov 2025",
        "netFlow": -11774.19,
        "outflows": {
          "directors": 4350,
          "fixedExpenses": 1500,
          "investments": 0,
          "leasePayments": 0,
          "loanPayments": 1841.65,
          "payrollTaxes": 49.2,
          "personnel": 5800,
          "taxPayments": 0,
          "total": 13607.52,
          "variableExpenses": 0,
          "vatPayments": 66.67,
        },
      },
      {
        "balance": 8225.64,
        "inflows": {
          "capitalContributions": 0,
          "currentAccountContributions": 0,
          "grants": 0,
          "loanDisbursements": 0,
          "revenue": 1833.33,
          "total": 1833.33,
        },
        "month": "2025-12-01",
        "monthLabel": "Dec 2025",
        "netFlow": -11774.19,
        "outflows": {
          "directors": 4350,
          "fixedExpenses": 1500,
          "investments": 0,
          "leasePayments": 0,
          "loanPayments": 1841.65,
          "payrollTaxes": 49.2,
          "personnel": 5800,
          "taxPayments": 0,
          "total": 13607.52,
          "variableExpenses": 0,
          "vatPayments": 66.67,
        },
      },
      {
        "balance": -3585.21,
        "inflows": {
          "capitalContributions": 0,
          "currentAccountContributions": 0,
          "grants": 0,
          "loanDisbursements": 0,
          "revenue": 1833.33,
          "total": 1833.33,
        },
        "month": "2026-01-01",
        "monthLabel": "Jan 2026",
        "netFlow": -11810.85,
        "outflows": {
          "directors": 4350,
          "fixedExpenses": 1500,
          "investments": 0,
          "leasePayments": 0,
          "loanPayments": 1841.65,
          "payrollTaxes": 49.2,
          "personnel": 5800,
          "taxPayments": 0,
          "total": 13644.19,
          "variableExpenses": 0,
          "vatPayments": 103.33,
        },
      },
      {
        "balance": -15212.73,
        "inflows": {
          "capitalContributions": 0,
          "currentAccountContributions": 0,
          "grants": 0,
          "loanDisbursements": 0,
          "revenue": 2016.67,
          "total": 2016.67,
        },
        "month": "2026-02-01",
        "monthLabel": "Feb 2026",
        "netFlow": -11627.52,
        "outflows": {
          "directors": 4350,
          "fixedExpenses": 1500,
          "investments": 0,
          "leasePayments": 0,
          "loanPayments": 1841.65,
          "payrollTaxes": 49.2,
          "personnel": 5800,
          "taxPayments": 0,
          "total": 13644.19,
          "variableExpenses": 0,
          "vatPayments": 103.33,
        },
      },
      {
        "balance": -26840.25,
        "inflows": {
          "capitalContributions": 0,
          "currentAccountContributions": 0,
          "grants": 0,
          "loanDisbursements": 0,
          "revenue": 2016.67,
          "total": 2016.67,
        },
        "month": "2026-03-01",
        "monthLabel": "Mar 2026",
        "netFlow": -11627.52,
        "outflows": {
          "directors": 4350,
          "fixedExpenses": 1500,
          "investments": 0,
          "leasePayments": 0,
          "loanPayments": 1841.65,
          "payrollTaxes": 49.2,
          "personnel": 5800,
          "taxPayments": 0,
          "total": 13644.19,
          "variableExpenses": 0,
          "vatPayments": 103.33,
        },
      },
      {
        "balance": -38467.77,
        "inflows": {
          "capitalContributions": 0,
          "currentAccountContributions": 0,
          "grants": 0,
          "loanDisbursements": 0,
          "revenue": 2016.67,
          "total": 2016.67,
        },
        "month": "2026-04-01",
        "monthLabel": "Apr 2026",
        "netFlow": -11627.52,
        "outflows": {
          "directors": 4350,
          "fixedExpenses": 1500,
          "investments": 0,
          "leasePayments": 0,
          "loanPayments": 1841.65,
          "payrollTaxes": 49.2,
          "personnel": 5800,
          "taxPayments": 0,
          "total": 13644.19,
          "variableExpenses": 0,
          "vatPayments": 103.33,
        },
      },
      {
        "balance": -50095.29,
        "inflows": {
          "capitalContributions": 0,
          "currentAccountContributions": 0,
          "grants": 0,
          "loanDisbursements": 0,
          "revenue": 2016.67,
          "total": 2016.67,
        },
        "month": "2026-05-01",
        "monthLabel": "May 2026",
        "netFlow": -11627.52,
        "outflows": {
          "directors": 4350,
          "fixedExpenses": 1500,
          "investments": 0,
          "leasePayments": 0,
          "loanPayments": 1841.65,
          "payrollTaxes": 49.2,
          "personnel": 5800,
          "taxPayments": 0,
          "total": 13644.19,
          "variableExpenses": 0,
          "vatPayments": 103.33,
        },
      },
      {
        "balance": -61722.81,
        "inflows": {
          "capitalContributions": 0,
          "currentAccountContributions": 0,
          "grants": 0,
          "loanDisbursements": 0,
          "revenue": 2016.67,
          "total": 2016.67,
        },
        "month": "2026-06-01",
        "monthLabel": "Jun 2026",
        "netFlow": -11627.52,
        "outflows": {
          "directors": 4350,
          "fixedExpenses": 1500,
          "investments": 0,
          "leasePayments": 0,
          "loanPayments": 1841.65,
          "payrollTaxes": 49.2,
          "personnel": 5800,
          "taxPayments": 0,
          "total": 13644.19,
          "variableExpenses": 0,
          "vatPayments": 103.33,
        },
      },
      {
        "balance": -73350.33,
        "inflows": {
          "capitalContributions": 0,
          "currentAccountContributions": 0,
          "grants": 0,
          "loanDisbursements": 0,
          "revenue": 2016.67,
          "total": 2016.67,
        },
        "month": "2026-07-01",
        "monthLabel": "Jul 2026",
        "netFlow": -11627.52,
        "outflows": {
          "directors": 4350,
          "fixedExpenses": 1500,
          "investments": 0,
          "leasePayments": 0,
          "loanPayments": 1841.65,
          "payrollTaxes": 49.2,
          "personnel": 5800,
          "taxPayments": 0,
          "total": 13644.19,
          "variableExpenses": 0,
          "vatPayments": 103.33,
        },
      },
      {
        "balance": -84977.84,
        "inflows": {
          "capitalContributions": 0,
          "currentAccountContributions": 0,
          "grants": 0,
          "loanDisbursements": 0,
          "revenue": 2016.67,
          "total": 2016.67,
        },
        "month": "2026-08-01",
        "monthLabel": "Aug 2026",
        "netFlow": -11627.52,
        "outflows": {
          "directors": 4350,
          "fixedExpenses": 1500,
          "investments": 0,
          "leasePayments": 0,
          "loanPayments": 1841.65,
          "payrollTaxes": 49.2,
          "personnel": 5800,
          "taxPayments": 0,
          "total": 13644.19,
          "variableExpenses": 0,
          "vatPayments": 103.33,
        },
      },
      {
        "balance": -96605.36,
        "inflows": {
          "capitalContributions": 0,
          "currentAccountContributions": 0,
          "grants": 0,
          "loanDisbursements": 0,
          "revenue": 2016.67,
          "total": 2016.67,
        },
        "month": "2026-09-01",
        "monthLabel": "Sep 2026",
        "netFlow": -11627.52,
        "outflows": {
          "directors": 4350,
          "fixedExpenses": 1500,
          "investments": 0,
          "leasePayments": 0,
          "loanPayments": 1841.65,
          "payrollTaxes": 49.2,
          "personnel": 5800,
          "taxPayments": 0,
          "total": 13644.19,
          "variableExpenses": 0,
          "vatPayments": 103.33,
        },
      },
      {
        "balance": -108232.88,
        "inflows": {
          "capitalContributions": 0,
          "currentAccountContributions": 0,
          "grants": 0,
          "loanDisbursements": 0,
          "revenue": 2016.67,
          "total": 2016.67,
        },
        "month": "2026-10-01",
        "monthLabel": "Oct 2026",
        "netFlow": -11627.52,
        "outflows": {
          "directors": 4350,
          "fixedExpenses": 1500,
          "investments": 0,
          "leasePayments": 0,
          "loanPayments": 1841.65,
          "payrollTaxes": 49.2,
          "personnel": 5800,
          "taxPayments": 0,
          "total": 13644.19,
          "variableExpenses": 0,
          "vatPayments": 103.33,
        },
      },
      {
        "balance": -119860.4,
        "inflows": {
          "capitalContributions": 0,
          "currentAccountContributions": 0,
          "grants": 0,
          "loanDisbursements": 0,
          "revenue": 2016.67,
          "total": 2016.67,
        },
        "month": "2026-11-01",
        "monthLabel": "Nov 2026",
        "netFlow": -11627.52,
        "outflows": {
          "directors": 4350,
          "fixedExpenses": 1500,
          "investments": 0,
          "leasePayments": 0,
          "loanPayments": 1841.65,
          "payrollTaxes": 49.2,
          "personnel": 5800,
          "taxPayments": 0,
          "total": 13644.19,
          "variableExpenses": 0,
          "vatPayments": 103.33,
        },
      },
      {
        "balance": -131487.92,
        "inflows": {
          "capitalContributions": 0,
          "currentAccountContributions": 0,
          "grants": 0,
          "loanDisbursements": 0,
          "revenue": 2016.67,
          "total": 2016.67,
        },
        "month": "2026-12-01",
        "monthLabel": "Dec 2026",
        "netFlow": -11627.52,
        "outflows": {
          "directors": 4350,
          "fixedExpenses": 1500,
          "investments": 0,
          "leasePayments": 0,
          "loanPayments": 1841.65,
          "payrollTaxes": 49.2,
          "personnel": 5800,
          "taxPayments": 0,
          "total": 13644.19,
          "variableExpenses": 0,
          "vatPayments": 103.33,
        },
      },
      {
        "balance": -143147.71,
        "inflows": {
          "capitalContributions": 0,
          "currentAccountContributions": 0,
          "grants": 0,
          "loanDisbursements": 0,
          "revenue": 2016.67,
          "total": 2016.67,
        },
        "month": "2027-01-01",
        "monthLabel": "Jan 2027",
        "netFlow": -11659.79,
        "outflows": {
          "directors": 4350,
          "fixedExpenses": 1500,
          "investments": 0,
          "leasePayments": 0,
          "loanPayments": 1841.65,
          "payrollTaxes": 49.2,
          "personnel": 5800,
          "taxPayments": 0,
          "total": 13676.45,
          "variableExpenses": 0,
          "vatPayments": 135.6,
        },
      },
      {
        "balance": -154646.16,
        "inflows": {
          "capitalContributions": 0,
          "currentAccountContributions": 0,
          "grants": 0,
          "loanDisbursements": 0,
          "revenue": 2178,
          "total": 2178,
        },
        "month": "2027-02-01",
        "monthLabel": "Feb 2027",
        "netFlow": -11498.45,
        "outflows": {
          "directors": 4350,
          "fixedExpenses": 1500,
          "investments": 0,
          "leasePayments": 0,
          "loanPayments": 1841.65,
          "payrollTaxes": 49.2,
          "personnel": 5800,
          "taxPayments": 0,
          "total": 13676.45,
          "variableExpenses": 0,
          "vatPayments": 135.6,
        },
      },
      {
        "balance": -166144.61,
        "inflows": {
          "capitalContributions": 0,
          "currentAccountContributions": 0,
          "grants": 0,
          "loanDisbursements": 0,
          "revenue": 2178,
          "total": 2178,
        },
        "month": "2027-03-01",
        "monthLabel": "Mar 2027",
        "netFlow": -11498.45,
        "outflows": {
          "directors": 4350,
          "fixedExpenses": 1500,
          "investments": 0,
          "leasePayments": 0,
          "loanPayments": 1841.65,
          "payrollTaxes": 49.2,
          "personnel": 5800,
          "taxPayments": 0,
          "total": 13676.45,
          "variableExpenses": 0,
          "vatPayments": 135.6,
        },
      },
      {
        "balance": -177643.06,
        "inflows": {
          "capitalContributions": 0,
          "currentAccountContributions": 0,
          "grants": 0,
          "loanDisbursements": 0,
          "revenue": 2178,
          "total": 2178,
        },
        "month": "2027-04-01",
        "monthLabel": "Apr 2027",
        "netFlow": -11498.45,
        "outflows": {
          "directors": 4350,
          "fixedExpenses": 1500,
          "investments": 0,
          "leasePayments": 0,
          "loanPayments": 1841.65,
          "payrollTaxes": 49.2,
          "personnel": 5800,
          "taxPayments": 0,
          "total": 13676.45,
          "variableExpenses": 0,
          "vatPayments": 135.6,
        },
      },
      {
        "balance": -189141.51,
        "inflows": {
          "capitalContributions": 0,
          "currentAccountContributions": 0,
          "grants": 0,
          "loanDisbursements": 0,
          "revenue": 2178,
          "total": 2178,
        },
        "month": "2027-05-01",
        "monthLabel": "May 2027",
        "netFlow": -11498.45,
        "outflows": {
          "directors": 4350,
          "fixedExpenses": 1500,
          "investments": 0,
          "leasePayments": 0,
          "loanPayments": 1841.65,
          "payrollTaxes": 49.2,
          "personnel": 5800,
          "taxPayments": 0,
          "total": 13676.45,
          "variableExpenses": 0,
          "vatPayments": 135.6,
        },
      },
      {
        "balance": -200639.97,
        "inflows": {
          "capitalContributions": 0,
          "currentAccountContributions": 0,
          "grants": 0,
          "loanDisbursements": 0,
          "revenue": 2178,
          "total": 2178,
        },
        "month": "2027-06-01",
        "monthLabel": "Jun 2027",
        "netFlow": -11498.45,
        "outflows": {
          "directors": 4350,
          "fixedExpenses": 1500,
          "investments": 0,
          "leasePayments": 0,
          "loanPayments": 1841.65,
          "payrollTaxes": 49.2,
          "personnel": 5800,
          "taxPayments": 0,
          "total": 13676.45,
          "variableExpenses": 0,
          "vatPayments": 135.6,
        },
      },
      {
        "balance": -212138.42,
        "inflows": {
          "capitalContributions": 0,
          "currentAccountContributions": 0,
          "grants": 0,
          "loanDisbursements": 0,
          "revenue": 2178,
          "total": 2178,
        },
        "month": "2027-07-01",
        "monthLabel": "Jul 2027",
        "netFlow": -11498.45,
        "outflows": {
          "directors": 4350,
          "fixedExpenses": 1500,
          "investments": 0,
          "leasePayments": 0,
          "loanPayments": 1841.65,
          "payrollTaxes": 49.2,
          "personnel": 5800,
          "taxPayments": 0,
          "total": 13676.45,
          "variableExpenses": 0,
          "vatPayments": 135.6,
        },
      },
      {
        "balance": -223636.87,
        "inflows": {
          "capitalContributions": 0,
          "currentAccountContributions": 0,
          "grants": 0,
          "loanDisbursements": 0,
          "revenue": 2178,
          "total": 2178,
        },
        "month": "2027-08-01",
        "monthLabel": "Aug 2027",
        "netFlow": -11498.45,
        "outflows": {
          "directors": 4350,
          "fixedExpenses": 1500,
          "investments": 0,
          "leasePayments": 0,
          "loanPayments": 1841.65,
          "payrollTaxes": 49.2,
          "personnel": 5800,
          "taxPayments": 0,
          "total": 13676.45,
          "variableExpenses": 0,
          "vatPayments": 135.6,
        },
      },
      {
        "balance": -235135.32,
        "inflows": {
          "capitalContributions": 0,
          "currentAccountContributions": 0,
          "grants": 0,
          "loanDisbursements": 0,
          "revenue": 2178,
          "total": 2178,
        },
        "month": "2027-09-01",
        "monthLabel": "Sep 2027",
        "netFlow": -11498.45,
        "outflows": {
          "directors": 4350,
          "fixedExpenses": 1500,
          "investments": 0,
          "leasePayments": 0,
          "loanPayments": 1841.65,
          "payrollTaxes": 49.2,
          "personnel": 5800,
          "taxPayments": 0,
          "total": 13676.45,
          "variableExpenses": 0,
          "vatPayments": 135.6,
        },
      },
      {
        "balance": -246633.77,
        "inflows": {
          "capitalContributions": 0,
          "currentAccountContributions": 0,
          "grants": 0,
          "loanDisbursements": 0,
          "revenue": 2178,
          "total": 2178,
        },
        "month": "2027-10-01",
        "monthLabel": "Oct 2027",
        "netFlow": -11498.45,
        "outflows": {
          "directors": 4350,
          "fixedExpenses": 1500,
          "investments": 0,
          "leasePayments": 0,
          "loanPayments": 1841.65,
          "payrollTaxes": 49.2,
          "personnel": 5800,
          "taxPayments": 0,
          "total": 13676.45,
          "variableExpenses": 0,
          "vatPayments": 135.6,
        },
      },
      {
        "balance": -258132.23,
        "inflows": {
          "capitalContributions": 0,
          "currentAccountContributions": 0,
          "grants": 0,
          "loanDisbursements": 0,
          "revenue": 2178,
          "total": 2178,
        },
        "month": "2027-11-01",
        "monthLabel": "Nov 2027",
        "netFlow": -11498.45,
        "outflows": {
          "directors": 4350,
          "fixedExpenses": 1500,
          "investments": 0,
          "leasePayments": 0,
          "loanPayments": 1841.65,
          "payrollTaxes": 49.2,
          "personnel": 5800,
          "taxPayments": 0,
          "total": 13676.45,
          "variableExpenses": 0,
          "vatPayments": 135.6,
        },
      },
      {
        "balance": -269630.68,
        "inflows": {
          "capitalContributions": 0,
          "currentAccountContributions": 0,
          "grants": 0,
          "loanDisbursements": 0,
          "revenue": 2178,
          "total": 2178,
        },
        "month": "2027-12-01",
        "monthLabel": "Dec 2027",
        "netFlow": -11498.45,
        "outflows": {
          "directors": 4350,
          "fixedExpenses": 1500,
          "investments": 0,
          "leasePayments": 0,
          "loanPayments": 1841.65,
          "payrollTaxes": 49.2,
          "personnel": 5800,
          "taxPayments": 0,
          "total": 13676.45,
          "variableExpenses": 0,
          "vatPayments": 135.6,
        },
      },
    ],
    "months": [
      "2025-01-01",
      "2025-02-01",
      "2025-03-01",
      "2025-04-01",
      "2025-05-01",
      "2025-06-01",
      "2025-07-01",
      "2025-08-01",
      "2025-09-01",
      "2025-10-01",
      "2025-11-01",
      "2025-12-01",
      "2026-01-01",
      "2026-02-01",
      "2026-03-01",
      "2026-04-01",
      "2026-05-01",
      "2026-06-01",
      "2026-07-01",
      "2026-08-01",
      "2026-09-01",
      "2026-10-01",
      "2026-11-01",
      "2026-12-01",
      "2027-01-01",
      "2027-02-01",
      "2027-03-01",
      "2027-04-01",
      "2027-05-01",
      "2027-06-01",
      "2027-07-01",
      "2027-08-01",
      "2027-09-01",
      "2027-10-01",
      "2027-11-01",
      "2027-12-01",
    ],
    "monthsWithNegativeBalance": 24,
    "netFlow": [
      87741.68,
      -11774.19,
      -11774.19,
      -11774.19,
      -11774.19,
      -11774.19,
      -11774.19,
      -11774.19,
      -11774.19,
      -11774.19,
      -11774.19,
      -11774.19,
      -11810.85,
      -11627.52,
      -11627.52,
      -11627.52,
      -11627.52,
      -11627.52,
      -11627.52,
      -11627.52,
      -11627.52,
      -11627.52,
      -11627.52,
      -11627.52,
      -11659.79,
      -11498.45,
      -11498.45,
      -11498.45,
      -11498.45,
      -11498.45,
      -11498.45,
      -11498.45,
      -11498.45,
      -11498.45,
      -11498.45,
      -11498.45,
    ],
    "outflows": {
      "directors": [
        4350,
        4350,
        4350,
        4350,
        4350,
        4350,
        4350,
        4350,
        4350,
        4350,
        4350,
        4350,
        4350,
        4350,
        4350,
        4350,
        4350,
        4350,
        4350,
        4350,
        4350,
        4350,
        4350,
        4350,
        4350,
        4350,
        4350,
        4350,
        4350,
        4350,
        4350,
        4350,
        4350,
        4350,
        4350,
        4350,
      ],
      "fixedExpenses": [
        0,
        1500,
        1500,
        1500,
        1500,
        1500,
        1500,
        1500,
        1500,
        1500,
        1500,
        1500,
        1500,
        1500,
        1500,
        1500,
        1500,
        1500,
        1500,
        1500,
        1500,
        1500,
        1500,
        1500,
        1500,
        1500,
        1500,
        1500,
        1500,
        1500,
        1500,
        1500,
        1500,
        1500,
        1500,
        1500,
      ],
      "investments": [
        6000,
        0,
        0,
        0,
        0,
        0,
        0,
        0,
        0,
        0,
        0,
        0,
        0,
        0,
        0,
        0,
        0,
        0,
        0,
        0,
        0,
        0,
        0,
        0,
        0,
        0,
        0,
        0,
        0,
        0,
        0,
        0,
        0,
        0,
        0,
        0,
      ],
      "leasePayments": [
        0,
        0,
        0,
        0,
        0,
        0,
        0,
        0,
        0,
        0,
        0,
        0,
        0,
        0,
        0,
        0,
        0,
        0,
        0,
        0,
        0,
        0,
        0,
        0,
        0,
        0,
        0,
        0,
        0,
        0,
        0,
        0,
        0,
        0,
        0,
        0,
      ],
      "loanPayments": [
        1841.65,
        1841.65,
        1841.65,
        1841.65,
        1841.65,
        1841.65,
        1841.65,
        1841.65,
        1841.65,
        1841.65,
        1841.65,
        1841.65,
        1841.65,
        1841.65,
        1841.65,
        1841.65,
        1841.65,
        1841.65,
        1841.65,
        1841.65,
        1841.65,
        1841.65,
        1841.65,
        1841.65,
        1841.65,
        1841.65,
        1841.65,
        1841.65,
        1841.65,
        1841.65,
        1841.65,
        1841.65,
        1841.65,
        1841.65,
        1841.65,
        1841.65,
      ],
      "payrollTaxes": [
        0,
        49.2,
        49.2,
        49.2,
        49.2,
        49.2,
        49.2,
        49.2,
        49.2,
        49.2,
        49.2,
        49.2,
        49.2,
        49.2,
        49.2,
        49.2,
        49.2,
        49.2,
        49.2,
        49.2,
        49.2,
        49.2,
        49.2,
        49.2,
        49.2,
        49.2,
        49.2,
        49.2,
        49.2,
        49.2,
        49.2,
        49.2,
        49.2,
        49.2,
        49.2,
        49.2,
      ],
      "personnel": [
        0,
        5800,
        5800,
        5800,
        5800,
        5800,
        5800,
        5800,
        5800,
        5800,
        5800,
        5800,
        5800,
        5800,
        5800,
        5800,
        5800,
        5800,
        5800,
        5800,
        5800,
        5800,
        5800,
        5800,
        5800,
        5800,
        5800,
        5800,
        5800,
        5800,
        5800,
        5800,
        5800,
        5800,
        5800,
        5800,
      ],
      "taxPayments": [
        0,
        0,
        0,
        0,
        0,
        0,
        0,
        0,
        0,
        0,
        0,
        0,
        0,
        0,
        0,
        0,
        0,
        0,
        0,
        0,
        0,
        0,
        0,
        0,
        0,
        0,
        0,
        0,
        0,
        0,
        0,
        0,
        0,
        0,
        0,
        0,
      ],
      "total": [
        12258.32,
        13607.52,
        13607.52,
        13607.52,
        13607.52,
        13607.52,
        13607.52,
        13607.52,
        13607.52,
        13607.52,
        13607.52,
        13607.52,
        13644.19,
        13644.19,
        13644.19,
        13644.19,
        13644.19,
        13644.19,
        13644.19,
        13644.19,
        13644.19,
        13644.19,
        13644.19,
        13644.19,
        13676.45,
        13676.45,
        13676.45,
        13676.45,
        13676.45,
        13676.45,
        13676.45,
        13676.45,
        13676.45,
        13676.45,
        13676.45,
        13676.45,
      ],
      "variableExpenses": [
        0,
        0,
        0,
        0,
        0,
        0,
        0,
        0,
        0,
        0,
        0,
        0,
        0,
        0,
        0,
        0,
        0,
        0,
        0,
        0,
        0,
        0,
        0,
        0,
        0,
        0,
        0,
        0,
        0,
        0,
        0,
        0,
        0,
        0,
        0,
        0,
      ],
      "vatPayments": [
        66.67,
        66.67,
        66.67,
        66.67,
        66.67,
        66.67,
        66.67,
        66.67,
        66.67,
        66.67,
        66.67,
        66.67,
        103.33,
        103.33,
        103.33,
        103.33,
        103.33,
        103.33,
        103.33,
        103.33,
        103.33,
        103.33,
        103.33,
        103.33,
        135.6,
        135.6,
        135.6,
        135.6,
        135.6,
        135.6,
        135.6,
        135.6,
        135.6,
        135.6,
        135.6,
        135.6,
      ],
    },
    "totalInflows": 170158,
    "totalOutflows": 489788.68,
  },
  "fundingPlan": {
    "balance": [
      21181.01,
      -120471.05,
      -118513.35,
    ],
    "cumulativeBalance": [
      21181.01,
      -99290.04,
      -217803.39,
    ],
    "needs": {
      "bfrVariation": [
        328.77,
        180.82,
        159.12,
      ],
      "dividends": [
        0,
        0,
        0,
      ],
      "investments": [
        6000,
        0,
        0,
      ],
      "loanRepayments": [
        18435.37,
        19186.46,
        19968.14,
      ],
      "totalNeeds": [
        24764.14,
        19367.28,
        20127.27,
      ],
    },
    "resources": {
      "caf": [
        -104054.86,
        -101103.77,
        -98386.08,
      ],
      "capitalContributions": [
        0,
        0,
        0,
      ],
      "currentAccounts": [
        0,
        0,
        0,
      ],
      "newLoans": [
        100000,
        0,
        0,
      ],
      "totalResources": [
        45945.14,
        -101103.77,
        -98386.08,
      ],
    },
    "rows": [
      {
        "isNeed": true,
        "label": "BESOINS",
        "type": "header",
        "values": [],
      },
      {
        "indent": 1,
        "isNeed": true,
        "label": "Investissements",
        "type": "item",
        "values": [
          6000,
          0,
          0,
        ],
      },
      {
        "indent": 1,
        "isNeed": true,
        "label": "Variation du BFR",
        "type": "item",
        "values": [
          328.77,
          180.82,
          159.12,
        ],
      },
      {
        "indent": 1,
        "isNeed": true,
        "label": "Remboursements emprunts",
        "type": "item",
        "values": [
          18435.37,
          19186.46,
          19968.14,
        ],
      },
      {
        "indent": 1,
        "isNeed": true,
        "label": "Dividendes",
        "type": "item",
        "values": [
          0,
          0,
          0,
        ],
      },
      {
        "isNeed": true,
        "label": "TOTAL BESOINS",
        "type": "subtotal",
        "values": [
          24764.14,
          19367.28,
          20127.27,
        ],
      },
      {
        "label": "RESSOURCES",
        "type": "header",
        "values": [],
      },
      {
        "indent": 1,
        "label": "Capacité d'autofinancement (CAF)",
        "type": "item",
        "values": [
          -104054.86,
          -101103.77,
          -98386.08,
        ],
      },
      {
        "indent": 1,
        "label": "Apports en capital",
        "type": "item",
        "values": [
          0,
          0,
          0,
        ],
      },
      {
        "indent": 1,
        "label": "Trésorerie initiale (ouverture)",
        "type": "item",
        "values": [
          50000,
          0,
          0,
        ],
      },
      {
        "indent": 1,
        "label": "Nouveaux emprunts",
        "type": "item",
        "values": [
          100000,
          0,
          0,
        ],
      },
      {
        "indent": 1,
        "label": "Comptes courants associés",
        "type": "item",
        "values": [
          0,
          0,
          0,
        ],
      },
      {
        "label": "TOTAL RESSOURCES",
        "type": "subtotal",
        "values": [
          45945.14,
          -101103.77,
          -98386.08,
        ],
      },
      {
        "label": "VARIATION DE TRÉSORERIE",
        "type": "total",
        "values": [
          21181.01,
          -120471.05,
          -118513.35,
        ],
      },
      {
        "indent": 1,
        "label": "Trésorerie cumulée",
        "type": "item",
        "values": [
          21181.01,
          -99290.04,
          -217803.39,
        ],
      },
    ],
    "years": [
      "Année 1 (janv. 2025 → déc. 2025)",
      "Année 2 (janv. 2026 → déc. 2026)",
      "Année 3 (janv. 2027 → déc. 2027)",
    ],
  },
  "pl": {
    "rows": [
      {
        "label": "I. PRODUITS D'EXPLOITATION",
        "sectionType": "revenue",
        "type": "header",
        "values": [],
      },
      {
        "indent": 1,
        "label": "Production vendue - Biens (701)",
        "pcgCode": "701",
        "sectionType": "revenue",
        "type": "item",
        "values": [
          22000,
          24200,
          26136,
        ],
      },
      {
        "label": "TOTAL PRODUITS D'EXPLOITATION (I)",
        "sectionType": "revenue",
        "type": "subtotal",
        "values": [
          22000,
          24200,
          26136,
        ],
      },
      {
        "isExpense": true,
        "label": "II. CHARGES D'EXPLOITATION",
        "sectionType": "expense",
        "type": "header",
        "values": [],
      },
      {
        "indent": 1,
        "isExpense": true,
        "label": "Autres achats et charges externes (61/62)",
        "pcgCode": "61",
        "sectionType": "expense",
        "type": "item",
        "values": [
          0,
          0,
          0,
        ],
      },
      {
        "indent": 1,
        "isExpense": true,
        "label": "Impôts, taxes et versements assimilés (63)",
        "pcgCode": "63",
        "sectionType": "expense",
        "type": "item",
        "values": [
          590.4,
          590.4,
          590.4,
        ],
      },
      {
        "indent": 1,
        "isExpense": true,
        "label": "Charges de personnel (64)",
        "sectionType": "expense",
        "type": "header",
        "values": [],
      },
      {
        "indent": 2,
        "isExpense": true,
        "label": "Salaires et traitements (641)",
        "pcgCode": "641",
        "sectionType": "expense",
        "type": "item",
        "values": [
          48000,
          48000,
          48000,
        ],
      },
      {
        "indent": 2,
        "isExpense": true,
        "label": "Charges sociales (645)",
        "pcgCode": "645",
        "sectionType": "expense",
        "type": "item",
        "values": [
          21600,
          21600,
          21600,
        ],
      },
      {
        "isExpense": true,
        "label": "Total charges de personnel",
        "sectionType": "expense",
        "type": "subtotal",
        "values": [
          69600,
          69600,
          69600,
        ],
      },
      {
        "indent": 1,
        "isExpense": true,
        "label": "Rémunération dirigeants",
        "sectionType": "expense",
        "type": "header",
        "values": [],
      },
      {
        "indent": 2,
        "isExpense": true,
        "label": "Rémunération nette",
        "sectionType": "expense",
        "type": "item",
        "values": [
          36000,
          36000,
          36000,
        ],
      },
      {
        "indent": 2,
        "isExpense": true,
        "label": "Charges sociales dirigeants",
        "sectionType": "expense",
        "type": "item",
        "values": [
          16200,
          16200,
          16200,
        ],
      },
      {
        "isExpense": true,
        "label": "Total rémunération dirigeants",
        "sectionType": "expense",
        "type": "subtotal",
        "values": [
          52200,
          52200,
          52200,
        ],
      },
      {
        "indent": 1,
        "isExpense": true,
        "label": "Dotations aux amortissements (68)",
        "pcgCode": "68",
        "sectionType": "expense",
        "type": "item",
        "values": [
          2000,
          2000,
          2000,
        ],
      },
      {
        "isSIG": true,
        "label": "VALEUR AJOUTÉE",
        "sectionType": "result",
        "type": "sig",
        "values": [
          22000,
          24200,
          26136,
        ],
      },
      {
        "isSIG": true,
        "label": "EXCÉDENT BRUT D'EXPLOITATION (EBE)",
        "sectionType": "result",
        "type": "sig",
        "values": [
          -100390.4,
          -98190.4,
          -96254.4,
        ],
      },
      {
        "isExpense": true,
        "label": "TOTAL CHARGES D'EXPLOITATION (II)",
        "sectionType": "expense",
        "type": "subtotal",
        "values": [
          124390.4,
          124390.4,
          124390.4,
        ],
      },
      {
        "label": "RÉSULTAT D'EXPLOITATION (I - II)",
        "sectionType": "result",
        "type": "sig",
        "values": [
          -102390.4,
          -100190.4,
          -98254.4,
        ],
      },
      {
        "label": "III. PRODUITS FINANCIERS",
        "sectionType": "revenue",
        "type": "header",
        "values": [],
      },
      {
        "indent": 1,
        "label": "Intérêts et produits assimilés",
        "sectionType": "revenue",
        "type": "item",
        "values": [
          0,
          0,
          0,
        ],
      },
      {
        "label": "TOTAL PRODUITS FINANCIERS (III)",
        "sectionType": "revenue",
        "type": "subtotal",
        "values": [
          0,
          0,
          0,
        ],
      },
      {
        "isExpense": true,
        "label": "IV. CHARGES FINANCIÈRES",
        "sectionType": "expense",
        "type": "header",
        "values": [],
      },
      {
        "indent": 1,
        "isExpense": true,
        "label": "Intérêts et charges assimilées (66)",
        "pcgCode": "66",
        "sectionType": "expense",
        "type": "item",
        "values": [
          3664.46,
          2913.37,
          2131.68,
        ],
      },
      {
        "isExpense": true,
        "label": "TOTAL CHARGES FINANCIÈRES (IV)",
        "sectionType": "expense",
        "type": "subtotal",
        "values": [
          3664.46,
          2913.37,
          2131.68,
        ],
      },
      {
        "label": "RÉSULTAT FINANCIER (III - IV)",
        "sectionType": "result",
        "type": "sig",
        "values": [
          -3664.46,
          -2913.37,
          -2131.68,
        ],
      },
      {
        "label": "V. PRODUITS EXCEPTIONNELS",
        "sectionType": "revenue",
        "type": "header",
        "values": [],
      },
      {
        "indent": 1,
        "label": "Produits exceptionnels",
        "sectionType": "revenue",
        "type": "item",
        "values": [
          0,
          0,
          0,
        ],
      },
      {
        "label": "TOTAL PRODUITS EXCEPTIONNELS (V)",
        "sectionType": "revenue",
        "type": "subtotal",
        "values": [
          0,
          0,
          0,
        ],
      },
      {
        "isExpense": true,
        "label": "VI. CHARGES EXCEPTIONNELLES",
        "sectionType": "expense",
        "type": "header",
        "values": [],
      },
      {
        "indent": 1,
        "isExpense": true,
        "label": "Charges exceptionnelles",
        "sectionType": "expense",
        "type": "item",
        "values": [
          0,
          0,
          0,
        ],
      },
      {
        "isExpense": true,
        "label": "TOTAL CHARGES EXCEPTIONNELLES (VI)",
        "sectionType": "expense",
        "type": "subtotal",
        "values": [
          0,
          0,
          0,
        ],
      },
      {
        "label": "RÉSULTAT EXCEPTIONNEL (V - VI)",
        "sectionType": "result",
        "type": "sig",
        "values": [
          0,
          0,
          0,
        ],
      },
      {
        "label": "RÉSULTAT COURANT AVANT IMPÔTS",
        "percentOfRevenue": [
          -482.07,
          -426.05,
          -384.09,
        ],
        "sectionType": "result",
        "type": "sig",
        "values": [
          -106054.86,
          -103103.77,
          -100386.08,
        ],
      },
      {
        "label": "Régime micro-entreprise — versement libératoire personnel (hors résultat société)",
        "sectionType": "expense",
        "type": "item",
        "values": [
          0,
          0,
          0,
        ],
      },
      {
        "label": "RÉSULTAT NET DE L'EXERCICE",
        "sectionType": "result",
        "type": "total",
        "values": [
          -106054.86,
          -103103.77,
          -100386.08,
        ],
      },
    ],
    "totals": {
      "cogs": [
        0,
        0,
        0,
      ],
      "commercialMargin": [
        0,
        0,
        0,
      ],
      "corporateTax": [
        0,
        0,
        0,
      ],
      "depreciation": [
        2000,
        2000,
        2000,
      ],
      "directorsCosts": [
        52200,
        52200,
        52200,
      ],
      "ebitda": [
        -100390.4,
        -98190.4,
        -96254.4,
      ],
      "externalServices": [
        0,
        0,
        0,
      ],
      "financialResult": [
        -3664.46,
        -2913.37,
        -2131.68,
      ],
      "fixedExpenses": [
        18000,
        18000,
        18000,
      ],
      "leaseExpenses": [
        0,
        0,
        0,
      ],
      "merchandisePurchases": [
        0,
        0,
        0,
      ],
      "merchandiseSales": [
        0,
        0,
        0,
      ],
      "netResult": [
        -106054.86,
        -103103.77,
        -100386.08,
      ],
      "netResultBeforeTax": [
        -106054.86,
        -103103.77,
        -100386.08,
      ],
      "operatingGrants": [
        0,
        0,
        0,
      ],
      "operatingResult": [
        -102390.4,
        -100190.4,
        -98254.4,
      ],
      "payrollTaxes": [
        590.4,
        590.4,
        590.4,
      ],
      "personnel": [
        69600,
        69600,
        69600,
      ],
      "personnelCosts": [
        69600,
        69600,
        69600,
      ],
      "productionSold": [
        22000,
        24200,
        26136,
      ],
      "revenue": [
        22000,
        24200,
        26136,
      ],
      "severancePayments": [
        0,
        0,
        0,
      ],
      "stockVariation": [
        0,
        0,
        0,
      ],
      "taxes": [
        590.4,
        590.4,
        590.4,
      ],
      "valueAdded": [
        22000,
        24200,
        26136,
      ],
      "variableExpenses": [
        0,
        0,
        0,
      ],
    },
    "tva": {
      "balance": [
        800,
        1240,
        1627.2,
      ],
      "collected": [
        4400,
        4840,
        5227.2,
      ],
      "deductible": [
        3600,
        3600,
        3600,
      ],
    },
    "years": [
      {
        "end": "2025-12-31",
        "label": "Année 1 (janv. 2025 → déc. 2025)",
        "months": [
          "2025-01-01",
          "2025-02-01",
          "2025-03-01",
          "2025-04-01",
          "2025-05-01",
          "2025-06-01",
          "2025-07-01",
          "2025-08-01",
          "2025-09-01",
          "2025-10-01",
          "2025-11-01",
          "2025-12-01",
        ],
        "start": "2025-01-01",
      },
      {
        "end": "2026-12-31",
        "label": "Année 2 (janv. 2026 → déc. 2026)",
        "months": [
          "2026-01-01",
          "2026-02-01",
          "2026-03-01",
          "2026-04-01",
          "2026-05-01",
          "2026-06-01",
          "2026-07-01",
          "2026-08-01",
          "2026-09-01",
          "2026-10-01",
          "2026-11-01",
          "2026-12-01",
        ],
        "start": "2026-01-01",
      },
      {
        "end": "2027-12-31",
        "label": "Année 3 (janv. 2027 → déc. 2027)",
        "months": [
          "2027-01-01",
          "2027-02-01",
          "2027-03-01",
          "2027-04-01",
          "2027-05-01",
          "2027-06-01",
          "2027-07-01",
          "2027-08-01",
          "2027-09-01",
          "2027-10-01",
          "2027-11-01",
          "2027-12-01",
        ],
        "start": "2027-01-01",
      },
    ],
  },
  "ratios": {
    "breakEvenMonths": [
      78,
      71,
      66,
    ],
    "breakEvenRevenue": [
      142390.4,
      142390.4,
      142390.4,
    ],
    "cashConversionCycle": [
      0,
      0,
      0,
    ],
    "cashRatio": [
      0.97,
      -15.58,
      -31.95,
    ],
    "currentRatio": [
      1.19,
      -15.34,
      -31.69,
    ],
    "debtToAssets": [
      581.2,
      0,
      0,
    ],
    "debtToEquity": [
      0,
      0,
      0,
    ],
    "dpo": [
      30.42,
      30.42,
      30.42,
    ],
    "dso": [
      30.42,
      30.42,
      30.42,
    ],
    "grossMargin": [
      100,
      100,
      100,
    ],
    "interestCoverage": [
      -27.4,
      -33.7,
      -45.15,
    ],
    "netMargin": [
      -482.07,
      -426.05,
      -384.09,
    ],
    "operatingMargin": [
      -465.41,
      -414.01,
      -375.94,
    ],
    "quickRatio": [
      1.12,
      -15.42,
      -31.77,
    ],
    "roa": [
      -755.71,
      0,
      0,
    ],
    "roe": [
      0,
      0,
      0,
    ],
    "safetyMargin": [
      -547.23,
      -488.39,
      -444.81,
    ],
  },
  "revenue": {
    "byStream": {
      "stream-1": {
        "metadata": {
          "growthRatesApplied": [
            0,
            0.1,
            0.08,
          ],
          "mode": "variable",
          "monthlySources": [
            "manual_forecast",
            "manual_forecast",
            "empty",
            "empty",
            "empty",
            "empty",
            "empty",
            "empty",
            "empty",
            "empty",
            "empty",
            "empty",
            "growth_projection",
            "growth_projection",
            "empty",
            "empty",
            "empty",
            "empty",
            "empty",
            "empty",
            "empty",
            "empty",
            "empty",
            "empty",
            "growth_projection",
            "growth_projection",
            "empty",
            "empty",
            "empty",
            "empty",
            "empty",
            "empty",
            "empty",
            "empty",
            "empty",
            "empty",
          ],
          "revenueType": "production",
        },
        "monthly": [
          10000,
          12000,
          0,
          0,
          0,
          0,
          0,
          0,
          0,
          0,
          0,
          0,
          11000,
          13200,
          0,
          0,
          0,
          0,
          0,
          0,
          0,
          0,
          0,
          0,
          11880,
          14256,
          0,
          0,
          0,
          0,
          0,
          0,
          0,
          0,
          0,
          0,
        ],
        "yearly": [
          22000,
          24200,
          26136,
        ],
      },
    },
    "fiscalYears": [
      {
        "end": "2025-12-31",
        "label": "Année 1 (janv. 2025 → déc. 2025)",
        "months": [
          "2025-01-01",
          "2025-02-01",
          "2025-03-01",
          "2025-04-01",
          "2025-05-01",
          "2025-06-01",
          "2025-07-01",
          "2025-08-01",
          "2025-09-01",
          "2025-10-01",
          "2025-11-01",
          "2025-12-01",
        ],
        "start": "2025-01-01",
      },
      {
        "end": "2026-12-31",
        "label": "Année 2 (janv. 2026 → déc. 2026)",
        "months": [
          "2026-01-01",
          "2026-02-01",
          "2026-03-01",
          "2026-04-01",
          "2026-05-01",
          "2026-06-01",
          "2026-07-01",
          "2026-08-01",
          "2026-09-01",
          "2026-10-01",
          "2026-11-01",
          "2026-12-01",
        ],
        "start": "2026-01-01",
      },
      {
        "end": "2027-12-31",
        "label": "Année 3 (janv. 2027 → déc. 2027)",
        "months": [
          "2027-01-01",
          "2027-02-01",
          "2027-03-01",
          "2027-04-01",
          "2027-05-01",
          "2027-06-01",
          "2027-07-01",
          "2027-08-01",
          "2027-09-01",
          "2027-10-01",
          "2027-11-01",
          "2027-12-01",
        ],
        "start": "2027-01-01",
      },
    ],
    "monthIndex": {
      "2025-01": 0,
      "2025-02": 1,
      "2025-03": 2,
      "2025-04": 3,
      "2025-05": 4,
      "2025-06": 5,
      "2025-07": 6,
      "2025-08": 7,
      "2025-09": 8,
      "2025-10": 9,
      "2025-11": 10,
      "2025-12": 11,
      "2026-01": 12,
      "2026-02": 13,
      "2026-03": 14,
      "2026-04": 15,
      "2026-05": 16,
      "2026-06": 17,
      "2026-07": 18,
      "2026-08": 19,
      "2026-09": 20,
      "2026-10": 21,
      "2026-11": 22,
      "2026-12": 23,
      "2027-01": 24,
      "2027-02": 25,
      "2027-03": 26,
      "2027-04": 27,
      "2027-05": 28,
      "2027-06": 29,
      "2027-07": 30,
      "2027-08": 31,
      "2027-09": 32,
      "2027-10": 33,
      "2027-11": 34,
      "2027-12": 35,
    },
    "months": [
      "2025-01-01",
      "2025-02-01",
      "2025-03-01",
      "2025-04-01",
      "2025-05-01",
      "2025-06-01",
      "2025-07-01",
      "2025-08-01",
      "2025-09-01",
      "2025-10-01",
      "2025-11-01",
      "2025-12-01",
      "2026-01-01",
      "2026-02-01",
      "2026-03-01",
      "2026-04-01",
      "2026-05-01",
      "2026-06-01",
      "2026-07-01",
      "2026-08-01",
      "2026-09-01",
      "2026-10-01",
      "2026-11-01",
      "2026-12-01",
      "2027-01-01",
      "2027-02-01",
      "2027-03-01",
      "2027-04-01",
      "2027-05-01",
      "2027-06-01",
      "2027-07-01",
      "2027-08-01",
      "2027-09-01",
      "2027-10-01",
      "2027-11-01",
      "2027-12-01",
    ],
    "totals": {
      "monthly": [
        10000,
        12000,
        0,
        0,
        0,
        0,
        0,
        0,
        0,
        0,
        0,
        0,
        11000,
        13200,
        0,
        0,
        0,
        0,
        0,
        0,
        0,
        0,
        0,
        0,
        11880,
        14256,
        0,
        0,
        0,
        0,
        0,
        0,
        0,
        0,
        0,
        0,
      ],
      "yearly": [
        22000,
        24200,
        26136,
      ],
    },
  },
  "validation": {
    "issues": [
      {
        "code": "BS_BALANCED",
        "delta": -19915.37,
        "message": "Bilan année 1: total actif ≠ total passif",
        "severity": "error",
        "tolerance": 33.95,
        "yearIndex": 0,
      },
      {
        "code": "PERSONNEL_RECONCILIATION",
        "delta": -5849.2,
        "message": "Personnel année 1: cash (64341 €) ≠ P&L (70190 €)",
        "severity": "warning",
        "tolerance": 70.19,
        "yearIndex": 0,
      },
      {
        "code": "PL_NET_RESULT_TO_EQUITY",
        "delta": 50000,
        "message": "Variation capitaux propres année 1 ≠ résultat net + apports",
        "severity": "warning",
        "tolerance": 106.05,
        "yearIndex": 0,
      },
      {
        "code": "BS_BALANCED",
        "delta": -39157.88,
        "message": "Bilan année 2: total actif ≠ total passif",
        "severity": "error",
        "tolerance": 88.34,
        "yearIndex": 1,
      },
      {
        "code": "BS_BALANCED",
        "delta": -58787.29,
        "message": "Bilan année 3: total actif ≠ total passif",
        "severity": "error",
        "tolerance": 208.7,
        "yearIndex": 2,
      },
      {
        "code": "FP_CASH_VARIATION_MATCH",
        "delta": 62955.37,
        "message": "Variation trésorerie plan de financement année 1 ≠ variation trésorerie bilan",
        "severity": "warning",
        "tolerance": 41.77,
        "yearIndex": 0,
      },
      {
        "code": "FP_CASH_VARIATION_MATCH",
        "delta": 19242.51,
        "message": "Variation trésorerie plan de financement année 2 ≠ variation trésorerie bilan",
        "severity": "warning",
        "tolerance": 139.71,
        "yearIndex": 1,
      },
      {
        "code": "FP_CASH_VARIATION_MATCH",
        "delta": 19629.41,
        "message": "Variation trésorerie plan de financement année 3 ≠ variation trésorerie bilan",
        "severity": "warning",
        "tolerance": 138.14,
        "yearIndex": 2,
      },
      {
        "code": "CHARGES_NATURE_SUM",
        "delta": 590.4,
        "message": "Somme charges par nature année 1 ≠ charges d'exploitation reconstruites",
        "severity": "info",
        "tolerance": 124.39,
        "yearIndex": 0,
      },
      {
        "code": "CHARGES_NATURE_SUM",
        "delta": 590.4,
        "message": "Somme charges par nature année 2 ≠ charges d'exploitation reconstruites",
        "severity": "info",
        "tolerance": 124.39,
        "yearIndex": 1,
      },
      {
        "code": "CHARGES_NATURE_SUM",
        "delta": 590.4,
        "message": "Somme charges par nature année 3 ≠ charges d'exploitation reconstruites",
        "severity": "info",
        "tolerance": 124.39,
        "yearIndex": 2,
      },
    ],
    "ok": false,
    "summary": {
      "errors": 3,
      "infos": 3,
      "warnings": 5,
    },
  },
}
`;
