// Vitest Snapshot v1, https://vitest.dev/guide/snapshot.html

exports[`computeBPModel — golden snapshots > minimal-bp fixture is stable 1`] = `
{
  "balanceSheet": {
    "bfr": [
      8547.95,
      9550.68,
      10433.1,
    ],
    "cash": [
      79892.31,
      27345.41,
      -16490.68,
    ],
    "rows": [
      {
        "label": "ACTIF",
        "type": "header",
        "values": [],
      },
      {
        "indent": 1,
        "label": "Actif immobilisé",
        "type": "header",
        "values": [],
      },
      {
        "indent": 2,
        "label": "Immobilisations nettes",
        "type": "item",
        "values": [
          4000,
          2000,
          -0,
        ],
      },
      {
        "label": "Total Actif Immobilisé",
        "type": "subtotal",
        "values": [
          4000,
          2000,
          -0,
        ],
      },
      {
        "indent": 1,
        "label": "Actif circulant",
        "type": "header",
        "values": [],
      },
      {
        "indent": 2,
        "label": "Créances clients",
        "type": "item",
        "values": [
          10027.4,
          11030.14,
          11912.55,
        ],
      },
      {
        "alertNegative": true,
        "indent": 2,
        "label": "Trésorerie",
        "type": "item",
        "values": [
          79892.31,
          27345.41,
          -16490.68,
        ],
      },
      {
        "label": "Total Actif Circulant",
        "type": "subtotal",
        "values": [
          89919.7,
          38375.55,
          -4578.13,
        ],
      },
      {
        "label": "TOTAL ACTIF",
        "type": "total",
        "values": [
          93919.7,
          40375.55,
          -4578.13,
        ],
      },
      {
        "label": "PASSIF",
        "type": "header",
        "values": [],
      },
      {
        "indent": 1,
        "label": "Capitaux propres",
        "type": "header",
        "values": [],
      },
      {
        "indent": 2,
        "label": "Capital social",
        "type": "item",
        "values": [
          50000,
          50000,
          50000,
        ],
      },
      {
        "indent": 2,
        "label": "Report à nouveau",
        "type": "item",
        "values": [
          0,
          -6054.86,
          841.38,
        ],
      },
      {
        "indent": 2,
        "label": "Résultat de l'exercice",
        "type": "item",
        "values": [
          -6054.86,
          6896.23,
          18413.92,
        ],
      },
      {
        "label": "Total Capitaux Propres",
        "type": "subtotal",
        "values": [
          43945.14,
          50841.38,
          69255.29,
        ],
      },
      {
        "indent": 1,
        "label": "Dettes financières",
        "type": "header",
        "values": [],
      },
      {
        "indent": 2,
        "label": "Emprunts bancaires",
        "type": "item",
        "values": [
          81564.63,
          62378.17,
          42410.03,
        ],
      },
      {
        "label": "Total Dettes Financières",
        "type": "subtotal",
        "values": [
          81564.63,
          62378.17,
          42410.03,
        ],
      },
      {
        "indent": 1,
        "label": "Dettes d'exploitation",
        "type": "header",
        "values": [],
      },
      {
        "indent": 2,
        "label": "Dettes fournisseurs",
        "type": "item",
        "values": [
          1479.45,
          1479.45,
          1479.45,
        ],
      },
      {
        "indent": 2,
        "label": "Dettes fiscales et sociales",
        "type": "item",
        "values": [
          6960,
          6960,
          6960,
        ],
      },
      {
        "label": "Total Dettes d'Exploitation",
        "type": "subtotal",
        "values": [
          8439.45,
          8439.45,
          8439.45,
        ],
      },
      {
        "label": "TOTAL PASSIF",
        "type": "total",
        "values": [
          133949.23,
          121659,
          120104.77,
        ],
      },
    ],
    "totals": {
      "currentAssets": [
        89919.7,
        38375.55,
        -4578.13,
      ],
      "equity": [
        43945.14,
        50841.38,
        69255.29,
      ],
      "financialDebts": [
        81564.63,
        62378.17,
        42410.03,
      ],
      "fixedAssets": [
        4000,
        2000,
        -0,
      ],
      "operatingDebts": [
        8439.45,
        8439.45,
        8439.45,
      ],
      "totalAssets": [
        93919.7,
        40375.55,
        -4578.13,
      ],
      "totalLiabilities": [
        133949.23,
        121659,
        120104.77,
      ],
    },
    "workingCapital": [
      121509.77,
      111219.55,
      111665.32,
    ],
    "years": [
      {
        "endDate": "2025-12-31",
        "label": "Année 1",
      },
      {
        "endDate": "2026-12-31",
        "label": "Année 2",
      },
      {
        "endDate": "2027-12-31",
        "label": "Année 3",
      },
    ],
  },
  "cashFlow": {
    "balance": [
      136075.01,
      130967.5,
      125859.98,
      120752.46,
      115644.94,
      110537.42,
      105429.9,
      100322.38,
      95214.86,
      90107.34,
      84999.83,
      79892.31,
      74581.45,
      70287.27,
      65993.08,
      61698.9,
      57404.71,
      53110.53,
      48816.34,
      44522.16,
      40227.97,
      35933.78,
      31639.6,
      27345.41,
      22872.29,
      19293.84,
      15715.39,
      12136.94,
      8558.49,
      4980.03,
      1401.58,
      -2176.87,
      -5755.32,
      -9333.77,
      -12912.23,
      -16490.68,
    ],
    "finalBalance": -16490.68,
    "highestMonth": {
      "balance": 136075.01,
      "index": 0,
      "month": "2025-01-01",
    },
    "inflows": {
      "capitalContributions": [
        0,
        0,
        0,
        0,
        0,
        0,
        0,
        0,
        0,
        0,
        0,
        0,
        0,
        0,
        0,
        0,
        0,
        0,
        0,
        0,
        0,
        0,
        0,
        0,
        0,
        0,
        0,
        0,
        0,
        0,
        0,
        0,
        0,
        0,
        0,
        0,
      ],
      "currentAccountContributions": [
        0,
        0,
        0,
        0,
        0,
        0,
        0,
        0,
        0,
        0,
        0,
        0,
        0,
        0,
        0,
        0,
        0,
        0,
        0,
        0,
        0,
        0,
        0,
        0,
        0,
        0,
        0,
        0,
        0,
        0,
        0,
        0,
        0,
        0,
        0,
        0,
      ],
      "grants": [
        0,
        0,
        0,
        0,
        0,
        0,
        0,
        0,
        0,
        0,
        0,
        0,
        0,
        0,
        0,
        0,
        0,
        0,
        0,
        0,
        0,
        0,
        0,
        0,
        0,
        0,
        0,
        0,
        0,
        0,
        0,
        0,
        0,
        0,
        0,
        0,
      ],
      "loanDisbursements": [
        100000,
        0,
        0,
        0,
        0,
        0,
        0,
        0,
        0,
        0,
        0,
        0,
        0,
        0,
        0,
        0,
        0,
        0,
        0,
        0,
        0,
        0,
        0,
        0,
        0,
        0,
        0,
        0,
        0,
        0,
        0,
        0,
        0,
        0,
        0,
        0,
      ],
      "revenue": [
        0,
        10166.67,
        10166.67,
        10166.67,
        10166.67,
        10166.67,
        10166.67,
        10166.67,
        10166.67,
        10166.67,
        10166.67,
        10166.67,
        10166.67,
        11183.33,
        11183.33,
        11183.33,
        11183.33,
        11183.33,
        11183.33,
        11183.33,
        11183.33,
        11183.33,
        11183.33,
        11183.33,
        11183.33,
        12078,
        12078,
        12078,
        12078,
        12078,
        12078,
        12078,
        12078,
        12078,
        12078,
        12078,
      ],
      "total": [
        100000,
        10166.67,
        10166.67,
        10166.67,
        10166.67,
        10166.67,
        10166.67,
        10166.67,
        10166.67,
        10166.67,
        10166.67,
        10166.67,
        10166.67,
        11183.33,
        11183.33,
        11183.33,
        11183.33,
        11183.33,
        11183.33,
        11183.33,
        11183.33,
        11183.33,
        11183.33,
        11183.33,
        11183.33,
        12078,
        12078,
        12078,
        12078,
        12078,
        12078,
        12078,
        12078,
        12078,
        12078,
        12078,
      ],
    },
    "initialBalance": 50000,
    "lowestMonth": {
      "balance": -16490.68,
      "index": 35,
      "month": "2027-12-01",
    },
    "maxBalance": 136075.01,
    "minBalance": -16490.68,
    "monthlyData": [
      {
        "balance": 136075.01,
        "inflows": {
          "capitalContributions": 0,
          "currentAccountContributions": 0,
          "grants": 0,
          "loanDisbursements": 100000,
          "revenue": 0,
          "total": 100000,
        },
        "month": "2025-01-01",
        "monthLabel": "Jan 2025",
        "netFlow": 86075.01,
        "outflows": {
          "directors": 4350,
          "fixedExpenses": 0,
          "investments": 6000,
          "leasePayments": 0,
          "loanPayments": 1841.65,
          "payrollTaxes": 0,
          "personnel": 0,
          "taxPayments": 0,
          "total": 13924.99,
          "variableExpenses": 0,
          "vatPayments": 1733.33,
        },
      },
      {
        "balance": 130967.5,
        "inflows": {
          "capitalContributions": 0,
          "currentAccountContributions": 0,
          "grants": 0,
          "loanDisbursements": 0,
          "revenue": 10166.67,
          "total": 10166.67,
        },
        "month": "2025-02-01",
        "monthLabel": "Feb 2025",
        "netFlow": -5107.52,
        "outflows": {
          "directors": 4350,
          "fixedExpenses": 1500,
          "investments": 0,
          "leasePayments": 0,
          "loanPayments": 1841.65,
          "payrollTaxes": 49.2,
          "personnel": 5800,
          "taxPayments": 0,
          "total": 15274.19,
          "variableExpenses": 0,
          "vatPayments": 1733.33,
        },
      },
      {
        "balance": 125859.98,
        "inflows": {
          "capitalContributions": 0,
          "currentAccountContributions": 0,
          "grants": 0,
          "loanDisbursements": 0,
          "revenue": 10166.67,
          "total": 10166.67,
        },
        "month": "2025-03-01",
        "monthLabel": "Mar 2025",
        "netFlow": -5107.52,
        "outflows": {
          "directors": 4350,
          "fixedExpenses": 1500,
          "investments": 0,
          "leasePayments": 0,
          "loanPayments": 1841.65,
          "payrollTaxes": 49.2,
          "personnel": 5800,
          "taxPayments": 0,
          "total": 15274.19,
          "variableExpenses": 0,
          "vatPayments": 1733.33,
        },
      },
      {
        "balance": 120752.46,
        "inflows": {
          "capitalContributions": 0,
          "currentAccountContributions": 0,
          "grants": 0,
          "loanDisbursements": 0,
          "revenue": 10166.67,
          "total": 10166.67,
        },
        "month": "2025-04-01",
        "monthLabel": "Apr 2025",
        "netFlow": -5107.52,
        "outflows": {
          "directors": 4350,
          "fixedExpenses": 1500,
          "investments": 0,
          "leasePayments": 0,
          "loanPayments": 1841.65,
          "payrollTaxes": 49.2,
          "personnel": 5800,
          "taxPayments": 0,
          "total": 15274.19,
          "variableExpenses": 0,
          "vatPayments": 1733.33,
        },
      },
      {
        "balance": 115644.94,
        "inflows": {
          "capitalContributions": 0,
          "currentAccountContributions": 0,
          "grants": 0,
          "loanDisbursements": 0,
          "revenue": 10166.67,
          "total": 10166.67,
        },
        "month": "2025-05-01",
        "monthLabel": "May 2025",
        "netFlow": -5107.52,
        "outflows": {
          "directors": 4350,
          "fixedExpenses": 1500,
          "investments": 0,
          "leasePayments": 0,
          "loanPayments": 1841.65,
          "payrollTaxes": 49.2,
          "personnel": 5800,
          "taxPayments": 0,
          "total": 15274.19,
          "variableExpenses": 0,
          "vatPayments": 1733.33,
        },
      },
      {
        "balance": 110537.42,
        "inflows": {
          "capitalContributions": 0,
          "currentAccountContributions": 0,
          "grants": 0,
          "loanDisbursements": 0,
          "revenue": 10166.67,
          "total": 10166.67,
        },
        "month": "2025-06-01",
        "monthLabel": "Jun 2025",
        "netFlow": -5107.52,
        "outflows": {
          "directors": 4350,
          "fixedExpenses": 1500,
          "investments": 0,
          "leasePayments": 0,
          "loanPayments": 1841.65,
          "payrollTaxes": 49.2,
          "personnel": 5800,
          "taxPayments": 0,
          "total": 15274.19,
          "variableExpenses": 0,
          "vatPayments": 1733.33,
        },
      },
      {
        "balance": 105429.9,
        "inflows": {
          "capitalContributions": 0,
          "currentAccountContributions": 0,
          "grants": 0,
          "loanDisbursements": 0,
          "revenue": 10166.67,
          "total": 10166.67,
        },
        "month": "2025-07-01",
        "monthLabel": "Jul 2025",
        "netFlow": -5107.52,
        "outflows": {
          "directors": 4350,
          "fixedExpenses": 1500,
          "investments": 0,
          "leasePayments": 0,
          "loanPayments": 1841.65,
          "payrollTaxes": 49.2,
          "personnel": 5800,
          "taxPayments": 0,
          "total": 15274.19,
          "variableExpenses": 0,
          "vatPayments": 1733.33,
        },
      },
      {
        "balance": 100322.38,
        "inflows": {
          "capitalContributions": 0,
          "currentAccountContributions": 0,
          "grants": 0,
          "loanDisbursements": 0,
          "revenue": 10166.67,
          "total": 10166.67,
        },
        "month": "2025-08-01",
        "monthLabel": "Aug 2025",
        "netFlow": -5107.52,
        "outflows": {
          "directors": 4350,
          "fixedExpenses": 1500,
          "investments": 0,
          "leasePayments": 0,
          "loanPayments": 1841.65,
          "payrollTaxes": 49.2,
          "personnel": 5800,
          "taxPayments": 0,
          "total": 15274.19,
          "variableExpenses": 0,
          "vatPayments": 1733.33,
        },
      },
      {
        "balance": 95214.86,
        "inflows": {
          "capitalContributions": 0,
          "currentAccountContributions": 0,
          "grants": 0,
          "loanDisbursements": 0,
          "revenue": 10166.67,
          "total": 10166.67,
        },
        "month": "2025-09-01",
        "monthLabel": "Sep 2025",
        "netFlow": -5107.52,
        "outflows": {
          "directors": 4350,
          "fixedExpenses": 1500,
          "investments": 0,
          "leasePayments": 0,
          "loanPayments": 1841.65,
          "payrollTaxes": 49.2,
          "personnel": 5800,
          "taxPayments": 0,
          "total": 15274.19,
          "variableExpenses": 0,
          "vatPayments": 1733.33,
        },
      },
      {
        "balance": 90107.34,
        "inflows": {
          "capitalContributions": 0,
          "currentAccountContributions": 0,
          "grants": 0,
          "loanDisbursements": 0,
          "revenue": 10166.67,
          "total": 10166.67,
        },
        "month": "2025-10-01",
        "monthLabel": "Oct 2025",
        "netFlow": -5107.52,
        "outflows": {
          "directors": 4350,
          "fixedExpenses": 1500,
          "investments": 0,
          "leasePayments": 0,
          "loanPayments": 1841.65,
          "payrollTaxes": 49.2,
          "personnel": 5800,
          "taxPayments": 0,
          "total": 15274.19,
          "variableExpenses": 0,
          "vatPayments": 1733.33,
        },
      },
      {
        "balance": 84999.83,
        "inflows": {
          "capitalContributions": 0,
          "currentAccountContributions": 0,
          "grants": 0,
          "loanDisbursements": 0,
          "revenue": 10166.67,
          "total": 10166.67,
        },
        "month": "2025-11-01",
        "monthLabel": "Nov 2025",
        "netFlow": -5107.52,
        "outflows": {
          "directors": 4350,
          "fixedExpenses": 1500,
          "investments": 0,
          "leasePayments": 0,
          "loanPayments": 1841.65,
          "payrollTaxes": 49.2,
          "personnel": 5800,
          "taxPayments": 0,
          "total": 15274.19,
          "variableExpenses": 0,
          "vatPayments": 1733.33,
        },
      },
      {
        "balance": 79892.31,
        "inflows": {
          "capitalContributions": 0,
          "currentAccountContributions": 0,
          "grants": 0,
          "loanDisbursements": 0,
          "revenue": 10166.67,
          "total": 10166.67,
        },
        "month": "2025-12-01",
        "monthLabel": "Dec 2025",
        "netFlow": -5107.52,
        "outflows": {
          "directors": 4350,
          "fixedExpenses": 1500,
          "investments": 0,
          "leasePayments": 0,
          "loanPayments": 1841.65,
          "payrollTaxes": 49.2,
          "personnel": 5800,
          "taxPayments": 0,
          "total": 15274.19,
          "variableExpenses": 0,
          "vatPayments": 1733.33,
        },
      },
      {
        "balance": 74581.45,
        "inflows": {
          "capitalContributions": 0,
          "currentAccountContributions": 0,
          "grants": 0,
          "loanDisbursements": 0,
          "revenue": 10166.67,
          "total": 10166.67,
        },
        "month": "2026-01-01",
        "monthLabel": "Jan 2026",
        "netFlow": -5310.85,
        "outflows": {
          "directors": 4350,
          "fixedExpenses": 1500,
          "investments": 0,
          "leasePayments": 0,
          "loanPayments": 1841.65,
          "payrollTaxes": 49.2,
          "personnel": 5800,
          "taxPayments": 0,
          "total": 15477.52,
          "variableExpenses": 0,
          "vatPayments": 1936.67,
        },
      },
      {
        "balance": 70287.27,
        "inflows": {
          "capitalContributions": 0,
          "currentAccountContributions": 0,
          "grants": 0,
          "loanDisbursements": 0,
          "revenue": 11183.33,
          "total": 11183.33,
        },
        "month": "2026-02-01",
        "monthLabel": "Feb 2026",
        "netFlow": -4294.19,
        "outflows": {
          "directors": 4350,
          "fixedExpenses": 1500,
          "investments": 0,
          "leasePayments": 0,
          "loanPayments": 1841.65,
          "payrollTaxes": 49.2,
          "personnel": 5800,
          "taxPayments": 0,
          "total": 15477.52,
          "variableExpenses": 0,
          "vatPayments": 1936.67,
        },
      },
      {
        "balance": 65993.08,
        "inflows": {
          "capitalContributions": 0,
          "currentAccountContributions": 0,
          "grants": 0,
          "loanDisbursements": 0,
          "revenue": 11183.33,
          "total": 11183.33,
        },
        "month": "2026-03-01",
        "monthLabel": "Mar 2026",
        "netFlow": -4294.19,
        "outflows": {
          "directors": 4350,
          "fixedExpenses": 1500,
          "investments": 0,
          "leasePayments": 0,
          "loanPayments": 1841.65,
          "payrollTaxes": 49.2,
          "personnel": 5800,
          "taxPayments": 0,
          "total": 15477.52,
          "variableExpenses": 0,
          "vatPayments": 1936.67,
        },
      },
      {
        "balance": 61698.9,
        "inflows": {
          "capitalContributions": 0,
          "currentAccountContributions": 0,
          "grants": 0,
          "loanDisbursements": 0,
          "revenue": 11183.33,
          "total": 11183.33,
        },
        "month": "2026-04-01",
        "monthLabel": "Apr 2026",
        "netFlow": -4294.19,
        "outflows": {
          "directors": 4350,
          "fixedExpenses": 1500,
          "investments": 0,
          "leasePayments": 0,
          "loanPayments": 1841.65,
          "payrollTaxes": 49.2,
          "personnel": 5800,
          "taxPayments": 0,
          "total": 15477.52,
          "variableExpenses": 0,
          "vatPayments": 1936.67,
        },
      },
      {
        "balance": 57404.71,
        "inflows": {
          "capitalContributions": 0,
          "currentAccountContributions": 0,
          "grants": 0,
          "loanDisbursements": 0,
          "revenue": 11183.33,
          "total": 11183.33,
        },
        "month": "2026-05-01",
        "monthLabel": "May 2026",
        "netFlow": -4294.19,
        "outflows": {
          "directors": 4350,
          "fixedExpenses": 1500,
          "investments": 0,
          "leasePayments": 0,
          "loanPayments": 1841.65,
          "payrollTaxes": 49.2,
          "personnel": 5800,
          "taxPayments": 0,
          "total": 15477.52,
          "variableExpenses": 0,
          "vatPayments": 1936.67,
        },
      },
      {
        "balance": 53110.53,
        "inflows": {
          "capitalContributions": 0,
          "currentAccountContributions": 0,
          "grants": 0,
          "loanDisbursements": 0,
          "revenue": 11183.33,
          "total": 11183.33,
        },
        "month": "2026-06-01",
        "monthLabel": "Jun 2026",
        "netFlow": -4294.19,
        "outflows": {
          "directors": 4350,
          "fixedExpenses": 1500,
          "investments": 0,
          "leasePayments": 0,
          "loanPayments": 1841.65,
          "payrollTaxes": 49.2,
          "personnel": 5800,
          "taxPayments": 0,
          "total": 15477.52,
          "variableExpenses": 0,
          "vatPayments": 1936.67,
        },
      },
      {
        "balance": 48816.34,
        "inflows": {
          "capitalContributions": 0,
          "currentAccountContributions": 0,
          "grants": 0,
          "loanDisbursements": 0,
          "revenue": 11183.33,
          "total": 11183.33,
        },
        "month": "2026-07-01",
        "monthLabel": "Jul 2026",
        "netFlow": -4294.19,
        "outflows": {
          "directors": 4350,
          "fixedExpenses": 1500,
          "investments": 0,
          "leasePayments": 0,
          "loanPayments": 1841.65,
          "payrollTaxes": 49.2,
          "personnel": 5800,
          "taxPayments": 0,
          "total": 15477.52,
          "variableExpenses": 0,
          "vatPayments": 1936.67,
        },
      },
      {
        "balance": 44522.16,
        "inflows": {
          "capitalContributions": 0,
          "currentAccountContributions": 0,
          "grants": 0,
          "loanDisbursements": 0,
          "revenue": 11183.33,
          "total": 11183.33,
        },
        "month": "2026-08-01",
        "monthLabel": "Aug 2026",
        "netFlow": -4294.19,
        "outflows": {
          "directors": 4350,
          "fixedExpenses": 1500,
          "investments": 0,
          "leasePayments": 0,
          "loanPayments": 1841.65,
          "payrollTaxes": 49.2,
          "personnel": 5800,
          "taxPayments": 0,
          "total": 15477.52,
          "variableExpenses": 0,
          "vatPayments": 1936.67,
        },
      },
      {
        "balance": 40227.97,
        "inflows": {
          "capitalContributions": 0,
          "currentAccountContributions": 0,
          "grants": 0,
          "loanDisbursements": 0,
          "revenue": 11183.33,
          "total": 11183.33,
        },
        "month": "2026-09-01",
        "monthLabel": "Sep 2026",
        "netFlow": -4294.19,
        "outflows": {
          "directors": 4350,
          "fixedExpenses": 1500,
          "investments": 0,
          "leasePayments": 0,
          "loanPayments": 1841.65,
          "payrollTaxes": 49.2,
          "personnel": 5800,
          "taxPayments": 0,
          "total": 15477.52,
          "variableExpenses": 0,
          "vatPayments": 1936.67,
        },
      },
      {
        "balance": 35933.78,
        "inflows": {
          "capitalContributions": 0,
          "currentAccountContributions": 0,
          "grants": 0,
          "loanDisbursements": 0,
          "revenue": 11183.33,
          "total": 11183.33,
        },
        "month": "2026-10-01",
        "monthLabel": "Oct 2026",
        "netFlow": -4294.19,
        "outflows": {
          "directors": 4350,
          "fixedExpenses": 1500,
          "investments": 0,
          "leasePayments": 0,
          "loanPayments": 1841.65,
          "payrollTaxes": 49.2,
          "personnel": 5800,
          "taxPayments": 0,
          "total": 15477.52,
          "variableExpenses": 0,
          "vatPayments": 1936.67,
        },
      },
      {
        "balance": 31639.6,
        "inflows": {
          "capitalContributions": 0,
          "currentAccountContributions": 0,
          "grants": 0,
          "loanDisbursements": 0,
          "revenue": 11183.33,
          "total": 11183.33,
        },
        "month": "2026-11-01",
        "monthLabel": "Nov 2026",
        "netFlow": -4294.19,
        "outflows": {
          "directors": 4350,
          "fixedExpenses": 1500,
          "investments": 0,
          "leasePayments": 0,
          "loanPayments": 1841.65,
          "payrollTaxes": 49.2,
          "personnel": 5800,
          "taxPayments": 0,
          "total": 15477.52,
          "variableExpenses": 0,
          "vatPayments": 1936.67,
        },
      },
      {
        "balance": 27345.41,
        "inflows": {
          "capitalContributions": 0,
          "currentAccountContributions": 0,
          "grants": 0,
          "loanDisbursements": 0,
          "revenue": 11183.33,
          "total": 11183.33,
        },
        "month": "2026-12-01",
        "monthLabel": "Dec 2026",
        "netFlow": -4294.19,
        "outflows": {
          "directors": 4350,
          "fixedExpenses": 1500,
          "investments": 0,
          "leasePayments": 0,
          "loanPayments": 1841.65,
          "payrollTaxes": 49.2,
          "personnel": 5800,
          "taxPayments": 0,
          "total": 15477.52,
          "variableExpenses": 0,
          "vatPayments": 1936.67,
        },
      },
      {
        "balance": 22872.29,
        "inflows": {
          "capitalContributions": 0,
          "currentAccountContributions": 0,
          "grants": 0,
          "loanDisbursements": 0,
          "revenue": 11183.33,
          "total": 11183.33,
        },
        "month": "2027-01-01",
        "monthLabel": "Jan 2027",
        "netFlow": -4473.12,
        "outflows": {
          "directors": 4350,
          "fixedExpenses": 1500,
          "investments": 0,
          "leasePayments": 0,
          "loanPayments": 1841.65,
          "payrollTaxes": 49.2,
          "personnel": 5800,
          "taxPayments": 0,
          "total": 15656.45,
          "variableExpenses": 0,
          "vatPayments": 2115.6,
        },
      },
      {
        "balance": 19293.84,
        "inflows": {
          "capitalContributions": 0,
          "currentAccountContributions": 0,
          "grants": 0,
          "loanDisbursements": 0,
          "revenue": 12078,
          "total": 12078,
        },
        "month": "2027-02-01",
        "monthLabel": "Feb 2027",
        "netFlow": -3578.45,
        "outflows": {
          "directors": 4350,
          "fixedExpenses": 1500,
          "investments": 0,
          "leasePayments": 0,
          "loanPayments": 1841.65,
          "payrollTaxes": 49.2,
          "personnel": 5800,
          "taxPayments": 0,
          "total": 15656.45,
          "variableExpenses": 0,
          "vatPayments": 2115.6,
        },
      },
      {
        "balance": 15715.39,
        "inflows": {
          "capitalContributions": 0,
          "currentAccountContributions": 0,
          "grants": 0,
          "loanDisbursements": 0,
          "revenue": 12078,
          "total": 12078,
        },
        "month": "2027-03-01",
        "monthLabel": "Mar 2027",
        "netFlow": -3578.45,
        "outflows": {
          "directors": 4350,
          "fixedExpenses": 1500,
          "investments": 0,
          "leasePayments": 0,
          "loanPayments": 1841.65,
          "payrollTaxes": 49.2,
          "personnel": 5800,
          "taxPayments": 0,
          "total": 15656.45,
          "variableExpenses": 0,
          "vatPayments": 2115.6,
        },
      },
      {
        "balance": 12136.94,
        "inflows": {
          "capitalContributions": 0,
          "currentAccountContributions": 0,
          "grants": 0,
          "loanDisbursements": 0,
          "revenue": 12078,
          "total": 12078,
        },
        "month": "2027-04-01",
        "monthLabel": "Apr 2027",
        "netFlow": -3578.45,
        "outflows": {
          "directors": 4350,
          "fixedExpenses": 1500,
          "investments": 0,
          "leasePayments": 0,
          "loanPayments": 1841.65,
          "payrollTaxes": 49.2,
          "personnel": 5800,
          "taxPayments": 0,
          "total": 15656.45,
          "variableExpenses": 0,
          "vatPayments": 2115.6,
        },
      },
      {
        "balance": 8558.49,
        "inflows": {
          "capitalContributions": 0,
          "currentAccountContributions": 0,
          "grants": 0,
          "loanDisbursements": 0,
          "revenue": 12078,
          "total": 12078,
        },
        "month": "2027-05-01",
        "monthLabel": "May 2027",
        "netFlow": -3578.45,
        "outflows": {
          "directors": 4350,
          "fixedExpenses": 1500,
          "investments": 0,
          "leasePayments": 0,
          "loanPayments": 1841.65,
          "payrollTaxes": 49.2,
          "personnel": 5800,
          "taxPayments": 0,
          "total": 15656.45,
          "variableExpenses": 0,
          "vatPayments": 2115.6,
        },
      },
      {
        "balance": 4980.03,
        "inflows": {
          "capitalContributions": 0,
          "currentAccountContributions": 0,
          "grants": 0,
          "loanDisbursements": 0,
          "revenue": 12078,
          "total": 12078,
        },
        "month": "2027-06-01",
        "monthLabel": "Jun 2027",
        "netFlow": -3578.45,
        "outflows": {
          "directors": 4350,
          "fixedExpenses": 1500,
          "investments": 0,
          "leasePayments": 0,
          "loanPayments": 1841.65,
          "payrollTaxes": 49.2,
          "personnel": 5800,
          "taxPayments": 0,
          "total": 15656.45,
          "variableExpenses": 0,
          "vatPayments": 2115.6,
        },
      },
      {
        "balance": 1401.58,
        "inflows": {
          "capitalContributions": 0,
          "currentAccountContributions": 0,
          "grants": 0,
          "loanDisbursements": 0,
          "revenue": 12078,
          "total": 12078,
        },
        "month": "2027-07-01",
        "monthLabel": "Jul 2027",
        "netFlow": -3578.45,
        "outflows": {
          "directors": 4350,
          "fixedExpenses": 1500,
          "investments": 0,
          "leasePayments": 0,
          "loanPayments": 1841.65,
          "payrollTaxes": 49.2,
          "personnel": 5800,
          "taxPayments": 0,
          "total": 15656.45,
          "variableExpenses": 0,
          "vatPayments": 2115.6,
        },
      },
      {
        "balance": -2176.87,
        "inflows": {
          "capitalContributions": 0,
          "currentAccountContributions": 0,
          "grants": 0,
          "loanDisbursements": 0,
          "revenue": 12078,
          "total": 12078,
        },
        "month": "2027-08-01",
        "monthLabel": "Aug 2027",
        "netFlow": -3578.45,
        "outflows": {
          "directors": 4350,
          "fixedExpenses": 1500,
          "investments": 0,
          "leasePayments": 0,
          "loanPayments": 1841.65,
          "payrollTaxes": 49.2,
          "personnel": 5800,
          "taxPayments": 0,
          "total": 15656.45,
          "variableExpenses": 0,
          "vatPayments": 2115.6,
        },
      },
      {
        "balance": -5755.32,
        "inflows": {
          "capitalContributions": 0,
          "currentAccountContributions": 0,
          "grants": 0,
          "loanDisbursements": 0,
          "revenue": 12078,
          "total": 12078,
        },
        "month": "2027-09-01",
        "monthLabel": "Sep 2027",
        "netFlow": -3578.45,
        "outflows": {
          "directors": 4350,
          "fixedExpenses": 1500,
          "investments": 0,
          "leasePayments": 0,
          "loanPayments": 1841.65,
          "payrollTaxes": 49.2,
          "personnel": 5800,
          "taxPayments": 0,
          "total": 15656.45,
          "variableExpenses": 0,
          "vatPayments": 2115.6,
        },
      },
      {
        "balance": -9333.77,
        "inflows": {
          "capitalContributions": 0,
          "currentAccountContributions": 0,
          "grants": 0,
          "loanDisbursements": 0,
          "revenue": 12078,
          "total": 12078,
        },
        "month": "2027-10-01",
        "monthLabel": "Oct 2027",
        "netFlow": -3578.45,
        "outflows": {
          "directors": 4350,
          "fixedExpenses": 1500,
          "investments": 0,
          "leasePayments": 0,
          "loanPayments": 1841.65,
          "payrollTaxes": 49.2,
          "personnel": 5800,
          "taxPayments": 0,
          "total": 15656.45,
          "variableExpenses": 0,
          "vatPayments": 2115.6,
        },
      },
      {
        "balance": -12912.23,
        "inflows": {
          "capitalContributions": 0,
          "currentAccountContributions": 0,
          "grants": 0,
          "loanDisbursements": 0,
          "revenue": 12078,
          "total": 12078,
        },
        "month": "2027-11-01",
        "monthLabel": "Nov 2027",
        "netFlow": -3578.45,
        "outflows": {
          "directors": 4350,
          "fixedExpenses": 1500,
          "investments": 0,
          "leasePayments": 0,
          "loanPayments": 1841.65,
          "payrollTaxes": 49.2,
          "personnel": 5800,
          "taxPayments": 0,
          "total": 15656.45,
          "variableExpenses": 0,
          "vatPayments": 2115.6,
        },
      },
      {
        "balance": -16490.68,
        "inflows": {
          "capitalContributions": 0,
          "currentAccountContributions": 0,
          "grants": 0,
          "loanDisbursements": 0,
          "revenue": 12078,
          "total": 12078,
        },
        "month": "2027-12-01",
        "monthLabel": "Dec 2027",
        "netFlow": -3578.45,
        "outflows": {
          "directors": 4350,
          "fixedExpenses": 1500,
          "investments": 0,
          "leasePayments": 0,
          "loanPayments": 1841.65,
          "payrollTaxes": 49.2,
          "personnel": 5800,
          "taxPayments": 0,
          "total": 15656.45,
          "variableExpenses": 0,
          "vatPayments": 2115.6,
        },
      },
    ],
    "months": [
      "2025-01-01",
      "2025-02-01",
      "2025-03-01",
      "2025-04-01",
      "2025-05-01",
      "2025-06-01",
      "2025-07-01",
      "2025-08-01",
      "2025-09-01",
      "2025-10-01",
      "2025-11-01",
      "2025-12-01",
      "2026-01-01",
      "2026-02-01",
      "2026-03-01",
      "2026-04-01",
      "2026-05-01",
      "2026-06-01",
      "2026-07-01",
      "2026-08-01",
      "2026-09-01",
      "2026-10-01",
      "2026-11-01",
      "2026-12-01",
      "2027-01-01",
      "2027-02-01",
      "2027-03-01",
      "2027-04-01",
      "2027-05-01",
      "2027-06-01",
      "2027-07-01",
      "2027-08-01",
      "2027-09-01",
      "2027-10-01",
      "2027-11-01",
      "2027-12-01",
    ],
    "monthsWithNegativeBalance": 5,
    "netFlow": [
      86075.01,
      -5107.52,
      -5107.52,
      -5107.52,
      -5107.52,
      -5107.52,
      -5107.52,
      -5107.52,
      -5107.52,
      -5107.52,
      -5107.52,
      -5107.52,
      -5310.85,
      -4294.19,
      -4294.19,
      -4294.19,
      -4294.19,
      -4294.19,
      -4294.19,
      -4294.19,
      -4294.19,
      -4294.19,
      -4294.19,
      -4294.19,
      -4473.12,
      -3578.45,
      -3578.45,
      -3578.45,
      -3578.45,
      -3578.45,
      -3578.45,
      -3578.45,
      -3578.45,
      -3578.45,
      -3578.45,
      -3578.45,
    ],
    "outflows": {
      "directors": [
        4350,
        4350,
        4350,
        4350,
        4350,
        4350,
        4350,
        4350,
        4350,
        4350,
        4350,
        4350,
        4350,
        4350,
        4350,
        4350,
        4350,
        4350,
        4350,
        4350,
        4350,
        4350,
        4350,
        4350,
        4350,
        4350,
        4350,
        4350,
        4350,
        4350,
        4350,
        4350,
        4350,
        4350,
        4350,
        4350,
      ],
      "fixedExpenses": [
        0,
        1500,
        1500,
        1500,
        1500,
        1500,
        1500,
        1500,
        1500,
        1500,
        1500,
        1500,
        1500,
        1500,
        1500,
        1500,
        1500,
        1500,
        1500,
        1500,
        1500,
        1500,
        1500,
        1500,
        1500,
        1500,
        1500,
        1500,
        1500,
        1500,
        1500,
        1500,
        1500,
        1500,
        1500,
        1500,
      ],
      "investments": [
        6000,
        0,
        0,
        0,
        0,
        0,
        0,
        0,
        0,
        0,
        0,
        0,
        0,
        0,
        0,
        0,
        0,
        0,
        0,
        0,
        0,
        0,
        0,
        0,
        0,
        0,
        0,
        0,
        0,
        0,
        0,
        0,
        0,
        0,
        0,
        0,
      ],
      "leasePayments": [
        0,
        0,
        0,
        0,
        0,
        0,
        0,
        0,
        0,
        0,
        0,
        0,
        0,
        0,
        0,
        0,
        0,
        0,
        0,
        0,
        0,
        0,
        0,
        0,
        0,
        0,
        0,
        0,
        0,
        0,
        0,
        0,
        0,
        0,
        0,
        0,
      ],
      "loanPayments": [
        1841.65,
        1841.65,
        1841.65,
        1841.65,
        1841.65,
        1841.65,
        1841.65,
        1841.65,
        1841.65,
        1841.65,
        1841.65,
        1841.65,
        1841.65,
        1841.65,
        1841.65,
        1841.65,
        1841.65,
        1841.65,
        1841.65,
        1841.65,
        1841.65,
        1841.65,
        1841.65,
        1841.65,
        1841.65,
        1841.65,
        1841.65,
        1841.65,
        1841.65,
        1841.65,
        1841.65,
        1841.65,
        1841.65,
        1841.65,
        1841.65,
        1841.65,
      ],
      "payrollTaxes": [
        0,
        49.2,
        49.2,
        49.2,
        49.2,
        49.2,
        49.2,
        49.2,
        49.2,
        49.2,
        49.2,
        49.2,
        49.2,
        49.2,
        49.2,
        49.2,
        49.2,
        49.2,
        49.2,
        49.2,
        49.2,
        49.2,
        49.2,
        49.2,
        49.2,
        49.2,
        49.2,
        49.2,
        49.2,
        49.2,
        49.2,
        49.2,
        49.2,
        49.2,
        49.2,
        49.2,
      ],
      "personnel": [
        0,
        5800,
        5800,
        5800,
        5800,
        5800,
        5800,
        5800,
        5800,
        5800,
        5800,
        5800,
        5800,
        5800,
        5800,
        5800,
        5800,
        5800,
        5800,
        5800,
        5800,
        5800,
        5800,
        5800,
        5800,
        5800,
        5800,
        5800,
        5800,
        5800,
        5800,
        5800,
        5800,
        5800,
        5800,
        5800,
      ],
      "taxPayments": [
        0,
        0,
        0,
        0,
        0,
        0,
        0,
        0,
        0,
        0,
        0,
        0,
        0,
        0,
        0,
        0,
        0,
        0,
        0,
        0,
        0,
        0,
        0,
        0,
        0,
        0,
        0,
        0,
        0,
        0,
        0,
        0,
        0,
        0,
        0,
        0,
      ],
      "total": [
        13924.99,
        15274.19,
        15274.19,
        15274.19,
        15274.19,
        15274.19,
        15274.19,
        15274.19,
        15274.19,
        15274.19,
        15274.19,
        15274.19,
        15477.52,
        15477.52,
        15477.52,
        15477.52,
        15477.52,
        15477.52,
        15477.52,
        15477.52,
        15477.52,
        15477.52,
        15477.52,
        15477.52,
        15656.45,
        15656.45,
        15656.45,
        15656.45,
        15656.45,
        15656.45,
        15656.45,
        15656.45,
        15656.45,
        15656.45,
        15656.45,
        15656.45,
      ],
      "variableExpenses": [
        0,
        0,
        0,
        0,
        0,
        0,
        0,
        0,
        0,
        0,
        0,
        0,
        0,
        0,
        0,
        0,
        0,
        0,
        0,
        0,
        0,
        0,
        0,
        0,
        0,
        0,
        0,
        0,
        0,
        0,
        0,
        0,
        0,
        0,
        0,
        0,
      ],
      "vatPayments": [
        1733.33,
        1733.33,
        1733.33,
        1733.33,
        1733.33,
        1733.33,
        1733.33,
        1733.33,
        1733.33,
        1733.33,
        1733.33,
        1733.33,
        1936.67,
        1936.67,
        1936.67,
        1936.67,
        1936.67,
        1936.67,
        1936.67,
        1936.67,
        1936.67,
        1936.67,
        1936.67,
        1936.67,
        2115.6,
        2115.6,
        2115.6,
        2115.6,
        2115.6,
        2115.6,
        2115.6,
        2115.6,
        2115.6,
        2115.6,
        2115.6,
        2115.6,
      ],
    },
    "totalInflows": 489058,
    "totalOutflows": 555548.68,
  },
  "fundingPlan": {
    "balance": [
      112961.83,
      -11292.97,
      -436.64,
    ],
    "cumulativeBalance": [
      112961.83,
      101668.86,
      101232.22,
    ],
    "needs": {
      "bfrVariation": [
        8547.95,
        1002.74,
        882.41,
      ],
      "dividends": [
        0,
        0,
        0,
      ],
      "investments": [
        6000,
        0,
        0,
      ],
      "loanRepayments": [
        18435.37,
        19186.46,
        19968.14,
      ],
      "totalNeeds": [
        32983.32,
        20189.2,
        20850.55,
      ],
    },
    "resources": {
      "caf": [
        -4054.86,
        8896.23,
        20413.92,
      ],
      "capitalContributions": [
        50000,
        0,
        0,
      ],
      "currentAccounts": [
        0,
        0,
        0,
      ],
      "newLoans": [
        100000,
        0,
        0,
      ],
      "totalResources": [
        145945.14,
        8896.23,
        20413.92,
      ],
    },
    "rows": [
      {
        "isNeed": true,
        "label": "BESOINS",
        "type": "header",
        "values": [],
      },
      {
        "indent": 1,
        "isNeed": true,
        "label": "Investissements",
        "type": "item",
        "values": [
          6000,
          0,
          0,
        ],
      },
      {
        "indent": 1,
        "isNeed": true,
        "label": "Variation du BFR",
        "type": "item",
        "values": [
          8547.95,
          1002.74,
          882.41,
        ],
      },
      {
        "indent": 1,
        "isNeed": true,
        "label": "Remboursements emprunts",
        "type": "item",
        "values": [
          18435.37,
          19186.46,
          19968.14,
        ],
      },
      {
        "indent": 1,
        "isNeed": true,
        "label": "Dividendes",
        "type": "item",
        "values": [
          0,
          0,
          0,
        ],
      },
      {
        "isNeed": true,
        "label": "TOTAL BESOINS",
        "type": "subtotal",
        "values": [
          32983.32,
          20189.2,
          20850.55,
        ],
      },
      {
        "label": "RESSOURCES",
        "type": "header",
        "values": [],
      },
      {
        "indent": 1,
        "label": "Capacité d'autofinancement (CAF)",
        "type": "item",
        "values": [
          -4054.86,
          8896.23,
          20413.92,
        ],
      },
      {
        "indent": 1,
        "label": "Apports en capital",
        "type": "item",
        "values": [
          50000,
          0,
          0,
        ],
      },
      {
        "indent": 1,
        "label": "Nouveaux emprunts",
        "type": "item",
        "values": [
          100000,
          0,
          0,
        ],
      },
      {
        "indent": 1,
        "label": "Comptes courants associés",
        "type": "item",
        "values": [
          0,
          0,
          0,
        ],
      },
      {
        "label": "TOTAL RESSOURCES",
        "type": "subtotal",
        "values": [
          145945.14,
          8896.23,
          20413.92,
        ],
      },
      {
        "label": "VARIATION DE TRÉSORERIE",
        "type": "total",
        "values": [
          112961.83,
          -11292.97,
          -436.64,
        ],
      },
      {
        "indent": 1,
        "label": "Trésorerie cumulée",
        "type": "item",
        "values": [
          112961.83,
          101668.86,
          101232.22,
        ],
      },
    ],
    "years": [
      "Année 1",
      "Année 2",
      "Année 3",
    ],
  },
  "pl": {
    "rows": [
      {
        "label": "I. PRODUITS D'EXPLOITATION",
        "sectionType": "revenue",
        "type": "header",
        "values": [],
      },
      {
        "indent": 1,
        "label": "Production vendue - Biens (701)",
        "pcgCode": "701",
        "sectionType": "revenue",
        "type": "item",
        "values": [
          122000,
          134200,
          144936,
        ],
      },
      {
        "label": "TOTAL PRODUITS D'EXPLOITATION (I)",
        "sectionType": "revenue",
        "type": "subtotal",
        "values": [
          122000,
          134200,
          144936,
        ],
      },
      {
        "isExpense": true,
        "label": "II. CHARGES D'EXPLOITATION",
        "sectionType": "expense",
        "type": "header",
        "values": [],
      },
      {
        "indent": 1,
        "isExpense": true,
        "label": "Autres achats et charges externes (61/62)",
        "pcgCode": "61",
        "sectionType": "expense",
        "type": "item",
        "values": [
          0,
          0,
          0,
        ],
      },
      {
        "indent": 1,
        "isExpense": true,
        "label": "Impôts, taxes et versements assimilés (63)",
        "pcgCode": "63",
        "sectionType": "expense",
        "type": "item",
        "values": [
          590.4,
          590.4,
          590.4,
        ],
      },
      {
        "indent": 1,
        "isExpense": true,
        "label": "Charges de personnel (64)",
        "sectionType": "expense",
        "type": "header",
        "values": [],
      },
      {
        "indent": 2,
        "isExpense": true,
        "label": "Salaires et traitements (641)",
        "pcgCode": "641",
        "sectionType": "expense",
        "type": "item",
        "values": [
          48000,
          48000,
          48000,
        ],
      },
      {
        "indent": 2,
        "isExpense": true,
        "label": "Charges sociales (645)",
        "pcgCode": "645",
        "sectionType": "expense",
        "type": "item",
        "values": [
          21600,
          21600,
          21600,
        ],
      },
      {
        "isExpense": true,
        "label": "Total charges de personnel",
        "sectionType": "expense",
        "type": "subtotal",
        "values": [
          69600,
          69600,
          69600,
        ],
      },
      {
        "indent": 1,
        "isExpense": true,
        "label": "Rémunération dirigeants",
        "sectionType": "expense",
        "type": "header",
        "values": [],
      },
      {
        "indent": 2,
        "isExpense": true,
        "label": "Rémunération nette",
        "sectionType": "expense",
        "type": "item",
        "values": [
          36000,
          36000,
          36000,
        ],
      },
      {
        "indent": 2,
        "isExpense": true,
        "label": "Charges sociales dirigeants",
        "sectionType": "expense",
        "type": "item",
        "values": [
          16200,
          16200,
          16200,
        ],
      },
      {
        "isExpense": true,
        "label": "Total rémunération dirigeants",
        "sectionType": "expense",
        "type": "subtotal",
        "values": [
          52200,
          52200,
          52200,
        ],
      },
      {
        "indent": 1,
        "isExpense": true,
        "label": "Dotations aux amortissements (68)",
        "pcgCode": "68",
        "sectionType": "expense",
        "type": "item",
        "values": [
          2000,
          2000,
          2000,
        ],
      },
      {
        "isSIG": true,
        "label": "VALEUR AJOUTÉE",
        "sectionType": "result",
        "type": "sig",
        "values": [
          122000,
          134200,
          144936,
        ],
      },
      {
        "isSIG": true,
        "label": "EXCÉDENT BRUT D'EXPLOITATION (EBE)",
        "sectionType": "result",
        "type": "sig",
        "values": [
          -390.4,
          11809.6,
          22545.6,
        ],
      },
      {
        "isExpense": true,
        "label": "TOTAL CHARGES D'EXPLOITATION (II)",
        "sectionType": "expense",
        "type": "subtotal",
        "values": [
          124390.4,
          124390.4,
          124390.4,
        ],
      },
      {
        "label": "RÉSULTAT D'EXPLOITATION (I - II)",
        "sectionType": "result",
        "type": "sig",
        "values": [
          -2390.4,
          9809.6,
          20545.6,
        ],
      },
      {
        "label": "III. PRODUITS FINANCIERS",
        "sectionType": "revenue",
        "type": "header",
        "values": [],
      },
      {
        "indent": 1,
        "label": "Intérêts et produits assimilés",
        "sectionType": "revenue",
        "type": "item",
        "values": [
          0,
          0,
          0,
        ],
      },
      {
        "label": "TOTAL PRODUITS FINANCIERS (III)",
        "sectionType": "revenue",
        "type": "subtotal",
        "values": [
          0,
          0,
          0,
        ],
      },
      {
        "isExpense": true,
        "label": "IV. CHARGES FINANCIÈRES",
        "sectionType": "expense",
        "type": "header",
        "values": [],
      },
      {
        "indent": 1,
        "isExpense": true,
        "label": "Intérêts et charges assimilées (66)",
        "pcgCode": "66",
        "sectionType": "expense",
        "type": "item",
        "values": [
          3664.46,
          2913.37,
          2131.68,
        ],
      },
      {
        "isExpense": true,
        "label": "TOTAL CHARGES FINANCIÈRES (IV)",
        "sectionType": "expense",
        "type": "subtotal",
        "values": [
          3664.46,
          2913.37,
          2131.68,
        ],
      },
      {
        "label": "RÉSULTAT FINANCIER (III - IV)",
        "sectionType": "result",
        "type": "sig",
        "values": [
          -3664.46,
          -2913.37,
          -2131.68,
        ],
      },
      {
        "label": "V. PRODUITS EXCEPTIONNELS",
        "sectionType": "revenue",
        "type": "header",
        "values": [],
      },
      {
        "indent": 1,
        "label": "Produits exceptionnels",
        "sectionType": "revenue",
        "type": "item",
        "values": [
          0,
          0,
          0,
        ],
      },
      {
        "label": "TOTAL PRODUITS EXCEPTIONNELS (V)",
        "sectionType": "revenue",
        "type": "subtotal",
        "values": [
          0,
          0,
          0,
        ],
      },
      {
        "isExpense": true,
        "label": "VI. CHARGES EXCEPTIONNELLES",
        "sectionType": "expense",
        "type": "header",
        "values": [],
      },
      {
        "indent": 1,
        "isExpense": true,
        "label": "Charges exceptionnelles",
        "sectionType": "expense",
        "type": "item",
        "values": [
          0,
          0,
          0,
        ],
      },
      {
        "isExpense": true,
        "label": "TOTAL CHARGES EXCEPTIONNELLES (VI)",
        "sectionType": "expense",
        "type": "subtotal",
        "values": [
          0,
          0,
          0,
        ],
      },
      {
        "label": "RÉSULTAT EXCEPTIONNEL (V - VI)",
        "sectionType": "result",
        "type": "sig",
        "values": [
          0,
          0,
          0,
        ],
      },
      {
        "label": "RÉSULTAT COURANT AVANT IMPÔTS",
        "percentOfRevenue": [
          -4.96,
          5.14,
          12.7,
        ],
        "sectionType": "result",
        "type": "sig",
        "values": [
          -6054.86,
          6896.23,
          18413.92,
        ],
      },
      {
        "label": "Régime micro-entreprise — versement libératoire personnel (hors résultat société)",
        "sectionType": "expense",
        "type": "item",
        "values": [
          0,
          0,
          0,
        ],
      },
      {
        "label": "RÉSULTAT NET DE L'EXERCICE",
        "sectionType": "result",
        "type": "total",
        "values": [
          -6054.86,
          6896.23,
          18413.92,
        ],
      },
    ],
    "totals": {
      "cogs": [
        0,
        0,
        0,
      ],
      "commercialMargin": [
        0,
        0,
        0,
      ],
      "corporateTax": [
        0,
        0,
        0,
      ],
      "depreciation": [
        2000,
        2000,
        2000,
      ],
      "directorsCosts": [
        52200,
        52200,
        52200,
      ],
      "ebitda": [
        -390.4,
        11809.6,
        22545.6,
      ],
      "externalServices": [
        0,
        0,
        0,
      ],
      "financialResult": [
        -3664.46,
        -2913.37,
        -2131.68,
      ],
      "fixedExpenses": [
        18000,
        18000,
        18000,
      ],
      "leaseExpenses": [
        0,
        0,
        0,
      ],
      "merchandisePurchases": [
        0,
        0,
        0,
      ],
      "merchandiseSales": [
        0,
        0,
        0,
      ],
      "netResult": [
        -6054.86,
        6896.23,
        18413.92,
      ],
      "netResultBeforeTax": [
        -6054.86,
        6896.23,
        18413.92,
      ],
      "operatingGrants": [
        0,
        0,
        0,
      ],
      "operatingResult": [
        -2390.4,
        9809.6,
        20545.6,
      ],
      "payrollTaxes": [
        590.4,
        590.4,
        590.4,
      ],
      "personnel": [
        69600,
        69600,
        69600,
      ],
      "personnelCosts": [
        69600,
        69600,
        69600,
      ],
      "productionSold": [
        122000,
        134200,
        144936,
      ],
      "revenue": [
        122000,
        134200,
        144936,
      ],
      "severancePayments": [
        0,
        0,
        0,
      ],
      "stockVariation": [
        0,
        0,
        0,
      ],
      "taxes": [
        590.4,
        590.4,
        590.4,
      ],
      "valueAdded": [
        122000,
        134200,
        144936,
      ],
      "variableExpenses": [
        0,
        0,
        0,
      ],
    },
    "tva": {
      "balance": [
        20800,
        23240,
        25387.2,
      ],
      "collected": [
        24400,
        26840,
        28987.2,
      ],
      "deductible": [
        3600,
        3600,
        3600,
      ],
    },
    "years": [
      {
        "end": "2025-12-31",
        "label": "Année 1",
        "months": [
          "2025-01-01",
          "2025-02-01",
          "2025-03-01",
          "2025-04-01",
          "2025-05-01",
          "2025-06-01",
          "2025-07-01",
          "2025-08-01",
          "2025-09-01",
          "2025-10-01",
          "2025-11-01",
          "2025-12-01",
        ],
        "start": "2025-01-01",
      },
      {
        "end": "2026-12-31",
        "label": "Année 2",
        "months": [
          "2026-01-01",
          "2026-02-01",
          "2026-03-01",
          "2026-04-01",
          "2026-05-01",
          "2026-06-01",
          "2026-07-01",
          "2026-08-01",
          "2026-09-01",
          "2026-10-01",
          "2026-11-01",
          "2026-12-01",
        ],
        "start": "2026-01-01",
      },
      {
        "end": "2027-12-31",
        "label": "Année 3",
        "months": [
          "2027-01-01",
          "2027-02-01",
          "2027-03-01",
          "2027-04-01",
          "2027-05-01",
          "2027-06-01",
          "2027-07-01",
          "2027-08-01",
          "2027-09-01",
          "2027-10-01",
          "2027-11-01",
          "2027-12-01",
        ],
        "start": "2027-01-01",
      },
    ],
  },
  "ratios": {
    "breakEvenMonths": [
      15,
      13,
      12,
    ],
    "breakEvenRevenue": [
      142390.4,
      142390.4,
      142390.4,
    ],
    "cashConversionCycle": [
      0,
      0,
      0,
    ],
    "cashRatio": [
      9.47,
      3.24,
      -1.95,
    ],
    "currentRatio": [
      10.65,
      4.55,
      -0.54,
    ],
    "debtToAssets": [
      86.85,
      154.49,
      0,
    ],
    "debtToEquity": [
      1.86,
      1.23,
      0.61,
    ],
    "dpo": [
      30.42,
      30.42,
      30.42,
    ],
    "dso": [
      30.42,
      30.42,
      30.42,
    ],
    "grossMargin": [
      100,
      100,
      100,
    ],
    "interestCoverage": [
      -0.11,
      4.05,
      10.58,
    ],
    "netMargin": [
      -4.96,
      5.14,
      12.7,
    ],
    "operatingMargin": [
      -1.96,
      7.31,
      14.18,
    ],
    "quickRatio": [
      10.3,
      4.16,
      -0.97,
    ],
    "roa": [
      -6.45,
      17.08,
      0,
    ],
    "roe": [
      -13.78,
      13.56,
      26.59,
    ],
    "safetyMargin": [
      -16.71,
      -6.1,
      1.76,
    ],
  },
  "validation": {
    "issues": [
      {
        "code": "BS_BALANCED",
        "delta": -40029.52,
        "message": "Bilan année 1: total actif ≠ total passif",
        "severity": "error",
        "tolerance": 133.95,
        "yearIndex": 0,
      },
      {
        "code": "PERSONNEL_RECONCILIATION",
        "delta": -5849.2,
        "message": "Personnel année 1: cash (64341 €) ≠ P&L (70190 €)",
        "severity": "warning",
        "tolerance": 70.19,
        "yearIndex": 0,
      },
      {
        "code": "BS_BALANCED",
        "delta": -81283.45,
        "message": "Bilan année 2: total actif ≠ total passif",
        "severity": "error",
        "tolerance": 121.66,
        "yearIndex": 1,
      },
      {
        "code": "BS_BALANCED",
        "delta": -124682.9,
        "message": "Bilan année 3: total actif ≠ total passif",
        "severity": "error",
        "tolerance": 120.1,
        "yearIndex": 2,
      },
      {
        "code": "FP_CASH_VARIATION_MATCH",
        "delta": 83069.52,
        "message": "Variation trésorerie plan de financement année 1 ≠ variation trésorerie bilan",
        "severity": "warning",
        "tolerance": 29.89,
        "yearIndex": 0,
      },
      {
        "code": "FP_CASH_VARIATION_MATCH",
        "delta": 41253.93,
        "message": "Variation trésorerie plan de financement année 2 ≠ variation trésorerie bilan",
        "severity": "warning",
        "tolerance": 52.55,
        "yearIndex": 1,
      },
      {
        "code": "FP_CASH_VARIATION_MATCH",
        "delta": 43399.46,
        "message": "Variation trésorerie plan de financement année 3 ≠ variation trésorerie bilan",
        "severity": "warning",
        "tolerance": 43.84,
        "yearIndex": 2,
      },
      {
        "code": "CHARGES_NATURE_SUM",
        "delta": 590.4,
        "message": "Somme charges par nature année 1 ≠ charges d'exploitation reconstruites",
        "severity": "info",
        "tolerance": 124.39,
        "yearIndex": 0,
      },
      {
        "code": "CHARGES_NATURE_SUM",
        "delta": 590.4,
        "message": "Somme charges par nature année 2 ≠ charges d'exploitation reconstruites",
        "severity": "info",
        "tolerance": 124.39,
        "yearIndex": 1,
      },
      {
        "code": "CHARGES_NATURE_SUM",
        "delta": 590.4,
        "message": "Somme charges par nature année 3 ≠ charges d'exploitation reconstruites",
        "severity": "info",
        "tolerance": 124.39,
        "yearIndex": 2,
      },
    ],
    "ok": false,
    "summary": {
      "errors": 3,
      "infos": 3,
      "warnings": 4,
    },
  },
}
`;
